#-----------------------------------------------------------
# Vivado v2024.2 (64-bit)
# SW Build 5239630 on Fri Nov 08 22:35:27 MST 2024
# IP Build 5239520 on Sun Nov 10 16:12:51 MST 2024
# SharedData Build 5239561 on Fri Nov 08 14:39:27 MST 2024
# Start of session at: Tue Dec 16 21:24:32 2025
# Process ID         : 13360
# Current directory  : D:/jzy/cd3/project_3
# Command line       : vivado.exe -gui_launcher_event rodinguilauncherevent32172 D:\jzy\cd3\project_3\project_3.xpr
# Log file           : D:/jzy/cd3/project_3/vivado.log
# Journal file       : D:/jzy/cd3/project_3\vivado.jou
# Running On         : jyx
# Platform           : Windows Server 2016 or Windows 10
# Operating System   : 22631
# Processor Detail   : 12th Gen Intel(R) Core(TM) i5-1240P
# CPU Frequency      : 2112 MHz
# CPU Physical cores : 12
# CPU Logical cores  : 16
# Host memory        : 16794 MB
# Swap memory        : 5100 MB
# Total Virtual      : 21894 MB
# Available Virtual  : 5342 MB
#-----------------------------------------------------------
start_gui
open_project D:/jzy/cd3/project_3/project_3.xpr
update_compile_order -fileset sources_1
open_bd_design {D:/jzy/cd3/design_3/design_3.bd}
delete_bd_objs [get_bd_cells xlconstant_0]
save_bd_design
write_bd_tcl -force D:/design_3.tcl
validate_bd_design
regenerate_bd_layout -routing
write_bd_layout -format pdf -orientation portrait D:/design_3.pdf
save_bd_design
write_bd_layout -format pdf -orientation portrait -force D:/design_3.pdf
