#-----------------------------------------------------------
# Vivado v2024.2 (64-bit)
# SW Build 5239630 on Fri Nov 08 22:35:27 MST 2024
# IP Build 5239520 on Sun Nov 10 16:12:51 MST 2024
# SharedData Build 5239561 on Fri Nov 08 14:39:27 MST 2024
# Start of session at: Tue Dec 16 21:24:32 2025
# Process ID         : 13360
# Current directory  : D:/jzy/cd3/project_3
# Command line       : vivado.exe -gui_launcher_event rodinguilauncherevent32172 D:\jzy\cd3\project_3\project_3.xpr
# Log file           : D:/jzy/cd3/project_3/vivado.log
# Journal file       : D:/jzy/cd3/project_3\vivado.jou
# Running On         : jyx
# Platform           : Windows Server 2016 or Windows 10
# Operating System   : 22631
# Processor Detail   : 12th Gen Intel(R) Core(TM) i5-1240P
# CPU Frequency      : 2112 MHz
# CPU Physical cores : 12
# CPU Logical cores  : 16
# Host memory        : 16794 MB
# Swap memory        : 5100 MB
# Total Virtual      : 21894 MB
# Available Virtual  : 5342 MB
#-----------------------------------------------------------
start_gui
open_project D:/jzy/cd3/project_3/project_3.xpr
Scanning sources...
Finished scanning sources
INFO: [IP_Flow 19-234] Refreshing IP repositories
INFO: [IP_Flow 19-1700] Loaded user IP repository 'd:/jzy/ip_repo'.
INFO: [IP_Flow 19-2313] Loaded Vivado IP repository 'D:/Vivado/2024.2/data/ip'.
INFO: [Project 1-5579] Found utility IPs instantiated in one or more block designs which have equivalent inline hdl with improved performance and reduced diskspace. It is recommended to migrate these utility IPs to inline hdl using the command upgrade_project -migrate_to_inline_hdl. The utility IPs may be deprecated in future releases. More information on inline hdl is available in UG994.
open_project: Time (s): cpu = 00:00:06 ; elapsed = 00:00:44 . Memory (MB): peak = 1310.586 ; gain = 201.629
update_compile_order -fileset sources_1
open_bd_design {D:/jzy/cd3/design_3/design_3.bd}
Reading block design file <D:/jzy/cd3/design_3/design_3.bd>...
Adding component instance block -- xilinx.com:module_ref:adpt_in:1.0 - adpt_in_0
Adding component instance block -- xilinx.com:ip:xlconstant:1.1 - xlconstant_0
Adding component instance block -- xilinx.com:ip:xlconstant:1.1 - xlconstant_1
Adding component instance block -- xilinx.com:module_ref:ic_74161:1.0 - ic_74161_0
Adding component instance block -- xilinx.com:module_ref:ic_74161:1.0 - ic_74161_1
Adding component instance block -- xilinx.com:module_ref:ic_74161:1.0 - ic_74161_2
Adding component instance block -- xilinx.com:ip:xlconcat:2.1 - xlconcat_0
Adding component instance block -- xilinx.com:module_ref:the_12bit_to_3x4bit:1.0 - the_12bit_to_3x4bit_0
Adding component instance block -- xilinx.com:module_ref:ram:1.0 - ram_0
Adding component instance block -- xilinx.com:module_ref:register_16bit:1.0 - R0
Adding component instance block -- xilinx.com:module_ref:register_16bit:1.0 - R1
Adding component instance block -- xilinx.com:module_ref:register_16bit:1.0 - R2
Adding component instance block -- xilinx.com:module_ref:register_16bit:1.0 - X
Adding component instance block -- xilinx.com:module_ref:register_16bit:1.0 - Z
Adding component instance block -- xilinx.com:module_ref:register_12bit:1.0 - MAR
Adding component instance block -- xilinx.com:module_ref:register_16bit:1.0 - MDR
Adding component instance block -- xilinx.com:module_ref:register_16bit:1.0 - MDRE
Adding component instance block -- xilinx.com:module_ref:register_16bit:1.0 - IR
Adding component instance block -- xilinx.com:module_ref:mux_5to1_16bit:1.0 - mux_5to1_16bit_0
Adding component instance block -- xilinx.com:module_ref:aggregator_4bit:1.0 - aggregator_4bit_0
Adding component instance block -- xilinx.com:module_ref:carry_lookahead_74182:1.0 - carry_lookahead_74182_0
Adding component instance block -- xilinx.com:module_ref:aggregator_4bit:1.0 - aggregator_4bit_1
Adding component instance block -- xilinx.com:module_ref:alu_74181:1.0 - alu_74181_0
Adding component instance block -- xilinx.com:module_ref:alu_74181:1.0 - alu_74181_1
Adding component instance block -- xilinx.com:module_ref:alu_74181:1.0 - alu_74181_2
Adding component instance block -- xilinx.com:module_ref:aggregate_4x4_to_16bit:1.0 - aggregate_4x4_to_16b_0
Adding component instance block -- xilinx.com:module_ref:the_16bit_to_4x4bit:1.0 - the_16bit_to_4x4bit_1
Adding component instance block -- xilinx.com:module_ref:the_16bit_to_4x4bit:1.0 - the_16bit_to_4x4bit_0
Adding component instance block -- xilinx.com:module_ref:alu_74181:1.0 - alu_74181_3
Adding component instance block -- xilinx.com:module_ref:carry_output_splitter:1.0 - carry_output_splitter_0
Adding component instance block -- xilinx.com:module_ref:not_gate:1.0 - not_gate_1
Adding component instance block -- xilinx.com:module_ref:ic_74161:1.0 - ic_74161_0
Adding component instance block -- xilinx.com:module_ref:ic_74161:1.0 - ic_74161_1
Adding component instance block -- xilinx.com:module_ref:ic_74161:1.0 - ic_74161_2
Adding component instance block -- xilinx.com:ip:xlconcat:2.1 - xlconcat_0
Adding component instance block -- xilinx.com:module_ref:the_12bit_to_3x4bit:1.0 - the_12bit_to_3x4bit_0
Adding component instance block -- xilinx.com:module_ref:rom_1kx23:1.0 - Crom_1kx23_0
Adding component instance block -- xilinx.com:module_ref:bit_splitter_23:1.0 - bit_splitter_23_0
Adding component instance block -- xilinx.com:module_ref:decoder_3to8:1.0 - decoder_3to8_0
Adding component instance block -- xilinx.com:module_ref:decoder_2to4:1.0 - decoder_2to4_0
Adding component instance block -- xilinx.com:module_ref:decoder_3to8:1.0 - decoder_3to8_1
Adding component instance block -- xilinx.com:module_ref:decoder_2to4:1.0 - decoder_2to4_1
Adding component instance block -- xilinx.com:module_ref:not1:1.0 - not1_0
Adding component instance block -- xilinx.com:module_ref:decoder_3to8:1.0 - decoder_3to8_2
Adding component instance block -- xilinx.com:module_ref:and2:1.0 - and2_1
Adding component instance block -- xilinx.com:module_ref:and2:1.0 - and2_2
Adding component instance block -- xilinx.com:module_ref:or3_gate:1.0 - or3_gate_0
Adding component instance block -- xilinx.com:module_ref:and2:1.0 - and2_0
Adding component instance block -- xilinx.com:module_ref:and2:1.0 - and2_1
Adding component instance block -- xilinx.com:module_ref:and2:1.0 - and2_2
Adding component instance block -- xilinx.com:module_ref:or3_gate:1.0 - or3_gate_0
Adding component instance block -- xilinx.com:module_ref:and2:1.0 - and2_0
Adding component instance block -- xilinx.com:module_ref:and2:1.0 - and2_3
Adding component instance block -- xilinx.com:module_ref:and2:1.0 - and2_1
Adding component instance block -- xilinx.com:module_ref:and2:1.0 - and2_2
Adding component instance block -- xilinx.com:module_ref:or3_gate:1.0 - or3_gate_0
Adding component instance block -- xilinx.com:module_ref:and2:1.0 - and2_0
Adding component instance block -- xilinx.com:module_ref:and2:1.0 - and2_3
Adding component instance block -- xilinx.com:module_ref:and2:1.0 - and2_1
Adding component instance block -- xilinx.com:module_ref:and2:1.0 - and2_2
Adding component instance block -- xilinx.com:module_ref:or3_gate:1.0 - or3_gate_0
Adding component instance block -- xilinx.com:module_ref:and2:1.0 - and2_0
Adding component instance block -- xilinx.com:module_ref:and2:1.0 - and2_3
Adding component instance block -- xilinx.com:module_ref:and2:1.0 - and2_1
Adding component instance block -- xilinx.com:module_ref:and2:1.0 - and2_2
Adding component instance block -- xilinx.com:module_ref:or3_gate:1.0 - or3_gate_0
Adding component instance block -- xilinx.com:module_ref:and2:1.0 - and2_0
Adding component instance block -- xilinx.com:module_ref:and2:1.0 - and2_3
Adding component instance block -- xilinx.com:module_ref:and2:1.0 - and2_1
Adding component instance block -- xilinx.com:module_ref:and2:1.0 - and2_2
Adding component instance block -- xilinx.com:module_ref:or3_gate:1.0 - or3_gate_0
Adding component instance block -- xilinx.com:module_ref:and2:1.0 - and2_0
Adding component instance block -- xilinx.com:module_ref:and2:1.0 - and2_3
Adding component instance block -- xilinx.com:module_ref:and2:1.0 - and2_1
Adding component instance block -- xilinx.com:module_ref:and2:1.0 - and2_2
Adding component instance block -- xilinx.com:module_ref:or3_gate:1.0 - or3_gate_0
Adding component instance block -- xilinx.com:module_ref:and2:1.0 - and2_0
Adding component instance block -- xilinx.com:module_ref:and2:1.0 - and2_3
Adding component instance block -- xilinx.com:module_ref:and2:1.0 - and2_1
Adding component instance block -- xilinx.com:module_ref:and2:1.0 - and2_2
Adding component instance block -- xilinx.com:module_ref:or3_gate:1.0 - or3_gate_0
Adding component instance block -- xilinx.com:module_ref:and2:1.0 - and2_0
Adding component instance block -- xilinx.com:module_ref:and2:1.0 - and2_3
Adding component instance block -- xilinx.com:module_ref:and2:1.0 - and2_1
Adding component instance block -- xilinx.com:module_ref:and2:1.0 - and2_2
Adding component instance block -- xilinx.com:module_ref:or3_gate:1.0 - or3_gate_0
Adding component instance block -- xilinx.com:module_ref:and2:1.0 - and2_0
Adding component instance block -- xilinx.com:module_ref:and2:1.0 - and2_3
Adding component instance block -- xilinx.com:module_ref:and2:1.0 - and2_1
Adding component instance block -- xilinx.com:module_ref:and2:1.0 - and2_2
Adding component instance block -- xilinx.com:module_ref:or3_gate:1.0 - or3_gate_0
Adding component instance block -- xilinx.com:module_ref:and2:1.0 - and2_0
Adding component instance block -- xilinx.com:module_ref:and2:1.0 - and2_3
Adding component instance block -- xilinx.com:module_ref:aggregator_12inputs_to_12bit_sync:1.0 - aggregator_12inputs_0
Adding component instance block -- xilinx.com:module_ref:splitter_16bit_to_16outputs:1.0 - splitter_16bit_to_16_0
Adding component instance block -- xilinx.com:module_ref:not_gate:1.0 - not_gate_0
Adding component instance block -- xilinx.com:module_ref:bus_slicer_16to12:1.0 - bus_slicer_16to12_0
Adding component instance block -- xilinx.com:module_ref:or_gate:1.0 - or_gate_0
Adding component instance block -- xilinx.com:module_ref:and_gate:1.0 - and_gate_0
Adding component instance block -- xilinx.com:module_ref:and_gate:1.0 - and_gate_1
Adding component instance block -- xilinx.com:module_ref:not_gate:1.0 - not_gate_1
Adding component instance block -- xilinx.com:module_ref:or_gate:1.0 - or_gate_1
Adding component instance block -- xilinx.com:module_ref:and2:1.0 - and2_0
Adding component instance block -- xilinx.com:module_ref:splitter_12bit_to_12outputs:1.0 - splitter_12bit_to_12_0
Adding component instance block -- xilinx.com:module_ref:and2:1.0 - and2_1
Adding component instance block -- xilinx.com:module_ref:and2:1.0 - and2_2
Adding component instance block -- xilinx.com:module_ref:multiplier_8x8:1.0 - multiplier_8x8_0
Adding component instance block -- xilinx.com:module_ref:split_16to8:1.0 - split_16to8_0
Adding component instance block -- xilinx.com:module_ref:register_16bit:1.0 - MUL
Adding component instance block -- xilinx.com:module_ref:and2:1.0 - and2_3
Adding component instance block -- xilinx.com:module_ref:and2:1.0 - and2_4
Successfully read diagram <design_3> from block design file <D:/jzy/cd3/design_3/design_3.bd>
open_bd_design: Time (s): cpu = 00:00:05 ; elapsed = 00:00:19 . Memory (MB): peak = 1514.691 ; gain = 151.785
delete_bd_objs [get_bd_cells xlconstant_0]
save_bd_design
Wrote  : <D:\jzy\cd3\design_3\design_3.bd> 
Wrote  : <D:/jzy/cd3/design_3/ui/bd_205a0ed2.ui> 
write_bd_tcl -force D:/design_3.tcl
WARNING: [BD 41-2925] The design that will be created by this Tcl script contains the following module references: adpt_in, ram, register_16bit, register_16bit, register_16bit, register_16bit, register_16bit, register_12bit, register_16bit, register_16bit, register_16bit, mux_5to1_16bit, rom_1kx23, bit_splitter_23, decoder_3to8, decoder_2to4, decoder_3to8, decoder_2to4, not1, decoder_3to8, aggregator_12inputs_to_12bit_sync, splitter_16bit_to_16outputs, not_gate, bus_slicer_16to12, or_gate, and_gate, and_gate, not_gate, or_gate, and2, splitter_12bit_to_12outputs, and2, and2, multiplier_8x8, split_16to8, register_16bit, and2, and2, ic_74161, ic_74161, ic_74161, the_12bit_to_3x4bit, aggregator_4bit, carry_lookahead_74182, aggregator_4bit, alu_74181, alu_74181, alu_74181, aggregate_4x4_to_16bit, the_16bit_to_4x4bit, the_16bit_to_4x4bit, alu_74181, carry_output_splitter, not_gate, ic_74161, ic_74161, ic_74161, the_12bit_to_3x4bit, and2, and2, or3_gate, and2, and2, and2, or3_gate, and2, and2, and2, and2, or3_gate, and2, and2, and2, and2, or3_gate, and2, and2, and2, and2, or3_gate, and2, and2, and2, and2, or3_gate, and2, and2, and2, and2, or3_gate, and2, and2, and2, and2, or3_gate, and2, and2, and2, and2, or3_gate, and2, and2, and2, and2, or3_gate, and2, and2.
Please add the sources of those modules before sourcing this Tcl script or use write_project_tcl.
INFO: [BD 5-148] Tcl file written out <D:/design_3.tcl>.

CRITICAL WARNING: [BD 5-339] The block design <design_3> has not been validated, therefore, a block design created using this Tcl file
<D:/design_3.tcl> may result in errors during validation.
validate_bd_design
CRITICAL WARNING: [BD 41-1367] The port name 'out' of cell '/mux_5to1_16bit_0' is a reserved keyword in a Hardware Description Language. Please consider renaming the port.
CRITICAL WARNING: [BD 41-759] The input pins (listed below) are either not connected or do not have a source port, and they don't have a tie-off specified. These pins are tied-off to all 0's to avoid error in Implementation flow.
Please check your design and connect them as needed: 
/dlxzq0/and2_1/A
/dlxzq0/and2_2/A
/dlxzq0/or3_gate_0/d
/dlxzq1/and2_1/A
/dlxzq2/and2_1/A
/dlxzq3/and2_1/A
/aggregator_12inputs_0/in11
/aggregator_12inputs_0/in10

regenerate_bd_layout -routing
write_bd_layout -format pdf -orientation portrait D:/design_3.pdf
D:/design_3.pdf
save_bd_design
Wrote  : <D:\jzy\cd3\design_3\design_3.bd> 
Wrote  : <D:/jzy/cd3/design_3/ui/bd_205a0ed2.ui> 
write_bd_layout -format pdf -orientation portrait -force D:/design_3.pdf
D:/design_3.pdf
exit
INFO: [Common 17-206] Exiting Vivado at Tue Dec 16 21:46:50 2025...
