#-----------------------------------------------------------
# Vivado v2024.2 (64-bit)
# SW Build 5239630 on Fri Nov 08 22:35:27 MST 2024
# IP Build 5239520 on Sun Nov 10 16:12:51 MST 2024
# SharedData Build 5239561 on Fri Nov 08 14:39:27 MST 2024
# Start of session at: Thu Oct  9 15:47:39 2025
# Process ID         : 7076
# Current directory  : D:/cd2/course_design_2
# Command line       : vivado.exe -gui_launcher_event rodinguilauncherevent12152 D:\cd2\course_design_2\course_design_2.xpr
# Log file           : D:/cd2/course_design_2/vivado.log
# Journal file       : D:/cd2/course_design_2\vivado.jou
# Running On         : jyx
# Platform           : Windows Server 2016 or Windows 10
# Operating System   : 22631
# Processor Detail   : 12th Gen Intel(R) Core(TM) i5-1240P
# CPU Frequency      : 2112 MHz
# CPU Physical cores : 12
# CPU Logical cores  : 16
# Host memory        : 16794 MB
# Swap memory        : 3489 MB
# Total Virtual      : 20284 MB
# Available Virtual  : 8906 MB
#-----------------------------------------------------------
start_gui
open_project D:/cd2/course_design_2/course_design_2.xpr
update_compile_order -fileset sources_1
open_bd_design {D:/cd2/design_2/design_2.bd}
update_compile_order -fileset sources_1
report_ip_status -name ip_status 
delete_bd_objs [get_bd_cells xor_gate_0]
report_ip_status -name ip_status 
create_bd_cell -type module -reference xor_gate_8bit xor_gate_8bit_0
set_property location {3 278 -397} [get_bd_cells xor_gate_8bit_0]
add_files -norecurse D:/cd2/exp2/xor.v
update_compile_order -fileset sources_1
report_ip_status -name ip_status 
update_module_reference [get_ips  {design_2_adpt_in_1_0 design_2_adpt_in_0_2}]
update_compile_order -fileset sources_1
delete_bd_objs [get_bd_nets adpt_in_1_a2] [get_bd_nets adpt_in_0_a5] [get_bd_nets adpt_in_0_a6] [get_bd_nets adpt_in_1_a3] [get_bd_nets adpt_in_1_a4] [get_bd_nets adpt_in_0_a7] [get_bd_nets adpt_in_1_a5] [get_bd_nets adpt_in_1_a6] [get_bd_nets adpt_in_1_a7] [get_bd_nets adpt_in_0_a1] [get_bd_nets adpt_in_0_a2] [get_bd_nets adpt_in_0_a3] [get_bd_nets adpt_in_1_a0] [get_bd_nets adpt_in_0_a4] [get_bd_nets adpt_in_1_a1] [get_bd_nets adpt_in_0_a0]
delete_bd_objs [get_bd_nets SUM/half_mul1_f2] [get_bd_nets SUM/alu_74181_0_cout] [get_bd_nets SUM/alu_74181_2_f] [get_bd_cells SUM/alu_74181_2]
delete_bd_objs [get_bd_pins SUM/a2]
delete_bd_objs [get_bd_pins SUM/f2]
set_property name f2 [get_bd_pins SUM/f]
connect_bd_net [get_bd_pins xor_gate_8bit_0/y_low] [get_bd_pins SUM/a]
set_property name a2 [get_bd_pins SUM/a1]
set_property name b2 [get_bd_pins SUM/b1]
set_property name a1 [get_bd_pins SUM/a]
set_property name b1 [get_bd_pins SUM/b]
set_property name a0 [get_bd_pins SUM/a2]
set_property name b0 [get_bd_pins SUM/b2]
delete_bd_objs [get_bd_nets xor_gate_8bit_0_y_low]
connect_bd_net [get_bd_pins xor_gate_8bit_0/y_low] [get_bd_pins SUM/a0]
startgroup
connect_bd_net [get_bd_pins xor_gate_8bit_0/y_high] [get_bd_pins SUM/a1]
endgroup
set_property name f3 [get_bd_pins zlcfq_sixteen/f2]
set_property name f2 [get_bd_pins zlcfq_sixteen/f]
connect_bd_net [get_bd_pins adpt_in_1/a8] [get_bd_pins SUM/b1]
delete_bd_objs [get_bd_nets adpt_in_1_a8]
connect_bd_net [get_bd_pins adpt_in_1/a8] [get_bd_pins SUM/b0]
set_property location {3.5 791 -315} [get_bd_cells SUM]
set_property location {2.5 610 -377} [get_bd_cells xor_gate_8bit_0]
set_property location {3 600 -132} [get_bd_cells xor_gate_8bit_0]
set_property location {4 818 -181} [get_bd_cells SUM]
connect_bd_net [get_bd_pins adpt_in_1/a0] [get_bd_pins xor_gate_8bit_0/a0]
connect_bd_net [get_bd_pins adpt_in_1/a1] [get_bd_pins xor_gate_8bit_0/a1]
connect_bd_net [get_bd_pins adpt_in_1/a2] [get_bd_pins xor_gate_8bit_0/a2]
connect_bd_net [get_bd_pins adpt_in_1/a3] [get_bd_pins xor_gate_8bit_0/a3]
connect_bd_net [get_bd_pins adpt_in_1/a4] [get_bd_pins xor_gate_8bit_0/a4]
connect_bd_net [get_bd_pins adpt_in_1/a5] [get_bd_pins xor_gate_8bit_0/a5]
connect_bd_net [get_bd_pins adpt_in_1/a6] [get_bd_pins xor_gate_8bit_0/a6]
connect_bd_net [get_bd_pins adpt_in_1/a7] [get_bd_pins xor_gate_8bit_0/a7]
connect_bd_net [get_bd_pins xor_gate_8bit_0/b7] [get_bd_pins adpt_in_1/a8]
connect_bd_net [get_bd_pins xor_gate_8bit_0/b6] [get_bd_pins adpt_in_1/a8]
connect_bd_net [get_bd_pins xor_gate_8bit_0/b5] [get_bd_pins adpt_in_1/a8]
connect_bd_net [get_bd_pins xor_gate_8bit_0/b4] [get_bd_pins adpt_in_1/a8]
connect_bd_net [get_bd_pins xor_gate_8bit_0/b3] [get_bd_pins adpt_in_1/a8]
connect_bd_net [get_bd_pins xor_gate_8bit_0/b2] [get_bd_pins adpt_in_1/a8]
connect_bd_net [get_bd_pins xor_gate_8bit_0/b1] [get_bd_pins adpt_in_1/a8]
connect_bd_net [get_bd_pins xor_gate_8bit_0/b0] [get_bd_pins adpt_in_1/a8]
copy_bd_objs /  [get_bd_cells {xor_gate_8bit_0}]
set_property location {3 625 375} [get_bd_cells xor_gate_8bit_1]
create_bd_cell -type module -reference carry_output_splitter carry_output_splitter_4
connect_bd_net [get_bd_pins SUM/f1] [get_bd_pins carry_output_splitter_4/cout_bus]
connect_bd_net [get_bd_pins carry_output_splitter_4/cout0] [get_bd_pins zlcfq_sixteen/b_3]
delete_bd_objs [get_bd_nets carry_output_splitter_4_cout0]
connect_bd_net [get_bd_pins carry_output_splitter_4/cout0] [get_bd_pins zlcfq_sixteen/a_0]
connect_bd_net [get_bd_pins carry_output_splitter_4/cout1] [get_bd_pins zlcfq_sixteen/a_1]
connect_bd_net [get_bd_pins carry_output_splitter_4/cout2] [get_bd_pins zlcfq_sixteen/a_2]
connect_bd_net [get_bd_pins carry_output_splitter_4/cout3] [get_bd_pins zlcfq_sixteen/a_3]
create_bd_cell -type module -reference carry_output_splitter carry_output_splitter_5
connect_bd_net [get_bd_pins SUM/f2] [get_bd_pins carry_output_splitter_5/cout_bus]
connect_bd_net [get_bd_pins carry_output_splitter_5/cout0] [get_bd_pins zlcfq_sixteen/a_4]
connect_bd_net [get_bd_pins carry_output_splitter_5/cout1] [get_bd_pins zlcfq_sixteen/a_5]
connect_bd_net [get_bd_pins carry_output_splitter_5/cout2] [get_bd_pins zlcfq_sixteen/a_6]
connect_bd_net [get_bd_pins carry_output_splitter_5/cout3] [get_bd_pins zlcfq_sixteen/a_7]
copy_bd_objs /  [get_bd_cells {SUM}]
connect_bd_net [get_bd_pins adpt_in_0/a0] [get_bd_pins xor_gate_8bit_1/a0]
connect_bd_net [get_bd_pins adpt_in_0/a1] [get_bd_pins xor_gate_8bit_1/a1]
connect_bd_net [get_bd_pins adpt_in_0/a2] [get_bd_pins xor_gate_8bit_1/a2]
connect_bd_net [get_bd_pins adpt_in_0/a3] [get_bd_pins xor_gate_8bit_1/a3]
connect_bd_net [get_bd_pins adpt_in_0/a4] [get_bd_pins xor_gate_8bit_1/a4]
connect_bd_net [get_bd_pins adpt_in_0/a5] [get_bd_pins xor_gate_8bit_1/a5]
connect_bd_net [get_bd_pins adpt_in_0/a6] [get_bd_pins xor_gate_8bit_1/a6]
connect_bd_net [get_bd_pins adpt_in_0/a7] [get_bd_pins xor_gate_8bit_1/a7]
connect_bd_net [get_bd_pins adpt_in_0/a8] [get_bd_pins xor_gate_8bit_1/b0]
connect_bd_net [get_bd_pins xor_gate_8bit_1/b1] [get_bd_pins adpt_in_0/a8]
connect_bd_net [get_bd_pins xor_gate_8bit_1/b2] [get_bd_pins adpt_in_0/a8]
connect_bd_net [get_bd_pins xor_gate_8bit_1/b3] [get_bd_pins adpt_in_0/a8]
connect_bd_net [get_bd_pins xor_gate_8bit_1/b4] [get_bd_pins adpt_in_0/a8]
connect_bd_net [get_bd_pins xor_gate_8bit_1/b5] [get_bd_pins adpt_in_0/a8]
connect_bd_net [get_bd_pins xor_gate_8bit_1/b6] [get_bd_pins adpt_in_0/a8]
connect_bd_net [get_bd_pins xor_gate_8bit_1/b7] [get_bd_pins adpt_in_0/a8]
connect_bd_net [get_bd_pins xor_gate_8bit_1/y_low] [get_bd_pins SUM1/a0]
connect_bd_net [get_bd_pins xor_gate_8bit_1/y_high] [get_bd_pins SUM1/a1]
connect_bd_net [get_bd_pins SUM1/b0] [get_bd_pins adpt_in_0/a8]
set_property location {3.5 851 320} [get_bd_cells SUM1]
create_bd_cell -type module -reference carry_output_splitter carry_output_splitter_6
create_bd_cell -type module -reference carry_output_splitter carry_output_splitter_7
connect_bd_net [get_bd_pins SUM1/f1] [get_bd_pins carry_output_splitter_7/cout_bus]
connect_bd_net [get_bd_pins SUM1/f2] [get_bd_pins carry_output_splitter_6/cout_bus]
connect_bd_net [get_bd_pins carry_output_splitter_7/cout0] [get_bd_pins zlcfq_sixteen/b_0]
connect_bd_net [get_bd_pins carry_output_splitter_7/cout1] [get_bd_pins zlcfq_sixteen/b_1]
connect_bd_net [get_bd_pins carry_output_splitter_7/cout2] [get_bd_pins zlcfq_sixteen/b_2]
connect_bd_net [get_bd_pins carry_output_splitter_7/cout3] [get_bd_pins zlcfq_sixteen/b_3]
connect_bd_net [get_bd_pins carry_output_splitter_6/cout0] [get_bd_pins zlcfq_sixteen/b_4]
connect_bd_net [get_bd_pins carry_output_splitter_6/cout1] [get_bd_pins zlcfq_sixteen/b_5]
connect_bd_net [get_bd_pins carry_output_splitter_6/cout2] [get_bd_pins zlcfq_sixteen/b_6]
connect_bd_net [get_bd_pins carry_output_splitter_6/cout3] [get_bd_pins zlcfq_sixteen/b_7]
save_bd_design
add_files -norecurse D:/cd2/exp2/xor.v
remove_files  D:/cd2/exp2/xor.v
