#-----------------------------------------------------------
# Vivado v2024.2 (64-bit)
# SW Build 5239630 on Fri Nov 08 22:35:27 MST 2024
# IP Build 5239520 on Sun Nov 10 16:12:51 MST 2024
# SharedData Build 5239561 on Fri Nov 08 14:39:27 MST 2024
# Start of session at: Wed Oct  8 11:21:06 2025
# Process ID         : 6548
# Current directory  : D:/cd2/course_design_2
# Command line       : vivado.exe -gui_launcher_event rodinguilauncherevent9664 D:\cd2\course_design_2\course_design_2.xpr
# Log file           : D:/cd2/course_design_2/vivado.log
# Journal file       : D:/cd2/course_design_2\vivado.jou
# Running On         : jyx
# Platform           : Windows Server 2016 or Windows 10
# Operating System   : 22631
# Processor Detail   : 12th Gen Intel(R) Core(TM) i5-1240P
# CPU Frequency      : 2112 MHz
# CPU Physical cores : 12
# CPU Logical cores  : 16
# Host memory        : 16794 MB
# Swap memory        : 3489 MB
# Total Virtual      : 20284 MB
# Available Virtual  : 8990 MB
#-----------------------------------------------------------
start_gui
open_project D:/cd2/course_design_2/course_design_2.xpr
Scanning sources...
Finished scanning sources
INFO: [IP_Flow 19-234] Refreshing IP repositories
INFO: [IP_Flow 19-1700] Loaded user IP repository 'd:/ip_repo'.
INFO: [IP_Flow 19-2313] Loaded Vivado IP repository 'D:/Vivado/2024.2/data/ip'.
open_project: Time (s): cpu = 00:00:06 ; elapsed = 00:00:39 . Memory (MB): peak = 1230.336 ; gain = 156.539
update_compile_order -fileset sources_1
open_bd_design {D:/cd2/design_2/design_2.bd}
Reading block design file <D:/cd2/design_2/design_2.bd>...
Adding component instance block -- educg.net:user:cg_fpga:1.4 - cg_fpga_0
Adding component instance block -- xilinx.com:module_ref:full_add:1.0 - full_add_0
Adding component instance block -- xilinx.com:module_ref:and_gate:1.0 - and_gate_0
Adding component instance block -- xilinx.com:module_ref:full_add:1.0 - full_add_0
Adding component instance block -- xilinx.com:module_ref:and_gate:1.0 - and_gate_0
Adding component instance block -- xilinx.com:module_ref:full_add:1.0 - full_add_0
Adding component instance block -- xilinx.com:module_ref:and_gate:1.0 - and_gate_0
Adding component instance block -- xilinx.com:module_ref:full_add:1.0 - full_add_0
Adding component instance block -- xilinx.com:module_ref:and_gate:1.0 - and_gate_0
Adding component instance block -- xilinx.com:module_ref:full_add:1.0 - full_add_0
Adding component instance block -- xilinx.com:module_ref:and_gate:1.0 - and_gate_0
Adding component instance block -- xilinx.com:module_ref:full_add:1.0 - full_add_0
Adding component instance block -- xilinx.com:module_ref:and_gate:1.0 - and_gate_0
Adding component instance block -- xilinx.com:module_ref:full_add:1.0 - full_add_0
Adding component instance block -- xilinx.com:module_ref:and_gate:1.0 - and_gate_0
Adding component instance block -- xilinx.com:module_ref:full_add:1.0 - full_add_0
Adding component instance block -- xilinx.com:module_ref:and_gate:1.0 - and_gate_0
Adding component instance block -- xilinx.com:module_ref:full_add:1.0 - full_add_0
Adding component instance block -- xilinx.com:module_ref:and_gate:1.0 - and_gate_0
Adding component instance block -- xilinx.com:module_ref:full_add:1.0 - full_add_0
Adding component instance block -- xilinx.com:module_ref:and_gate:1.0 - and_gate_0
Adding component instance block -- xilinx.com:module_ref:full_add:1.0 - full_add_0
Adding component instance block -- xilinx.com:module_ref:and_gate:1.0 - and_gate_0
Adding component instance block -- xilinx.com:module_ref:full_add:1.0 - full_add_0
Adding component instance block -- xilinx.com:module_ref:and_gate:1.0 - and_gate_0
Adding component instance block -- xilinx.com:module_ref:full_add:1.0 - full_add_0
Adding component instance block -- xilinx.com:module_ref:and_gate:1.0 - and_gate_0
Adding component instance block -- xilinx.com:module_ref:full_add:1.0 - full_add_0
Adding component instance block -- xilinx.com:module_ref:and_gate:1.0 - and_gate_0
Adding component instance block -- xilinx.com:module_ref:full_add:1.0 - full_add_0
Adding component instance block -- xilinx.com:module_ref:and_gate:1.0 - and_gate_0
Adding component instance block -- xilinx.com:module_ref:full_add:1.0 - full_add_0
Adding component instance block -- xilinx.com:module_ref:and_gate:1.0 - and_gate_0
Successfully read diagram <design_2> from block design file <D:/cd2/design_2/design_2.bd>
open_bd_design: Time (s): cpu = 00:00:04 ; elapsed = 00:00:16 . Memory (MB): peak = 1373.625 ; gain = 104.672
make_wrapper -files [get_files D:/cd2/design_2/design_2.bd] -top
CRITICAL WARNING: [BD 41-759] The input pins (listed below) are either not connected or do not have a source port, and they don't have a tie-off specified. These pins are tied-off to all 0's to avoid error in Implementation flow.
Please check your design and connect them as needed: 
/zlcfq/addcell1/full_add_0/a
/zlcfq/addcell2/full_add_0/a
/zlcfq/addcell3/full_add_0/a
/zlcfq/addcell4/full_add_0/cin
/zlcfq/addcell8/full_add_0/cin
/zlcfq/addcell12/full_add_0/cin
/zlcfq/addcell0/full_add_0/a
/zlcfq/addcell0/full_add_0/cin

Wrote  : <D:\cd2\design_2\design_2.bd> 
Wrote  : <D:/cd2/design_2/ui/bd_1fdbff51.ui> 
Verilog Output written to : D:/cd2/design_2/synth/design_2.v
Verilog Output written to : D:/cd2/design_2/sim/design_2.v
Verilog Output written to : D:/cd2/design_2/hdl/design_2_wrapper.v
make_wrapper: Time (s): cpu = 00:00:01 ; elapsed = 00:00:05 . Memory (MB): peak = 1414.582 ; gain = 24.617
add_files -norecurse D:/cd2/design_2/hdl/design_2_wrapper.v
update_compile_order -fileset sources_1
set_property top design_2_wrapper [current_fileset]
update_compile_order -fileset sources_1
create_bd_cell -type module -reference adpt_out adpt_out_0
set_property location {2.5 484 -103} [get_bd_cells adpt_out_0]
add_files -norecurse D:/jzy/lab4/exp4_source.v
update_compile_order -fileset sources_1
remove_files  D:/jzy/lab14/exp14_source.v
delete_bd_objs [get_bd_cells adpt_out_0]
create_bd_cell -type module -reference adpt_in adpt_in_0
delete_bd_objs [get_bd_cells adpt_in_0]
create_bd_cell -type module -reference adpt_out adpt_out_0
create_bd_cell -type module -reference adpt_in adpt_in_0
