#-----------------------------------------------------------
# Vivado v2024.2 (64-bit)
# SW Build 5239630 on Fri Nov 08 22:35:27 MST 2024
# IP Build 5239520 on Sun Nov 10 16:12:51 MST 2024
# SharedData Build 5239561 on Fri Nov 08 14:39:27 MST 2024
# Start of session at: Thu Oct  9 15:47:39 2025
# Process ID         : 7076
# Current directory  : D:/cd2/course_design_2
# Command line       : vivado.exe -gui_launcher_event rodinguilauncherevent12152 D:\cd2\course_design_2\course_design_2.xpr
# Log file           : D:/cd2/course_design_2/vivado.log
# Journal file       : D:/cd2/course_design_2\vivado.jou
# Running On         : jyx
# Platform           : Windows Server 2016 or Windows 10
# Operating System   : 22631
# Processor Detail   : 12th Gen Intel(R) Core(TM) i5-1240P
# CPU Frequency      : 2112 MHz
# CPU Physical cores : 12
# CPU Logical cores  : 16
# Host memory        : 16794 MB
# Swap memory        : 3489 MB
# Total Virtual      : 20284 MB
# Available Virtual  : 8906 MB
#-----------------------------------------------------------
start_gui
open_project D:/cd2/course_design_2/course_design_2.xpr
INFO: [Project 1-313] Project file moved from 'E:/cd2/course_design_2' since last save.
Scanning sources...
Finished scanning sources
WARNING: [Project 1-509] GeneratedRun file for 'synth_1' not found
WARNING: [Project 1-509] GeneratedRun file for 'design_2_aggregator_4bit_3_0_synth_1' not found
WARNING: [Project 1-509] GeneratedRun file for 'zlcfq_inst_0_full_add_0_1_synth_1' not found
WARNING: [Project 1-509] GeneratedRun file for 'zlcfq_inst_0_and_gate_0_2_synth_1' not found
WARNING: [Project 1-509] GeneratedRun file for 'zlcfq_inst_0_full_add_0_3_synth_1' not found
WARNING: [Project 1-509] GeneratedRun file for 'zlcfq_inst_0_full_add_0_4_synth_1' not found
WARNING: [Project 1-509] GeneratedRun file for 'zlcfq_inst_0_and_gate_0_4_synth_1' not found
WARNING: [Project 1-509] GeneratedRun file for 'zlcfq_inst_0_and_gate_0_0_synth_1' not found
WARNING: [Project 1-509] GeneratedRun file for 'zlcfq_inst_0_full_add_0_2_synth_1' not found
WARNING: [Project 1-509] GeneratedRun file for 'zlcfq_inst_0_full_add_0_6_synth_1' not found
WARNING: [Project 1-509] GeneratedRun file for 'zlcfq_inst_0_full_add_0_5_synth_1' not found
WARNING: [Project 1-509] GeneratedRun file for 'zlcfq_inst_0_full_add_0_0_synth_1' not found
WARNING: [Project 1-509] GeneratedRun file for 'zlcfq_inst_0_and_gate_0_3_synth_1' not found
WARNING: [Project 1-509] GeneratedRun file for 'zlcfq_inst_0_and_gate_0_5_synth_1' not found
WARNING: [Project 1-509] GeneratedRun file for 'zlcfq_inst_0_and_gate_0_1_synth_1' not found
WARNING: [Project 1-509] GeneratedRun file for 'zlcfq_inst_0_and_gate_0_6_synth_1' not found
WARNING: [Project 1-509] GeneratedRun file for 'zlcfq_inst_0_and_gate_0_12_synth_1' not found
WARNING: [Project 1-509] GeneratedRun file for 'zlcfq_inst_0_full_add_0_12_synth_1' not found
WARNING: [Project 1-509] GeneratedRun file for 'zlcfq_inst_0_and_gate_0_9_synth_1' not found
WARNING: [Project 1-509] GeneratedRun file for 'zlcfq_inst_0_full_add_0_10_synth_1' not found
WARNING: [Project 1-509] GeneratedRun file for 'design_2_alu_74181_0_0_synth_1' not found
WARNING: [Project 1-509] GeneratedRun file for 'design_2_aggregator_4bit_0_1_synth_1' not found
WARNING: [Project 1-509] GeneratedRun file for 'zlcfq_inst_0_full_add_0_11_synth_1' not found
WARNING: [Project 1-509] GeneratedRun file for 'design_2_alu_74181_1_0_synth_1' not found
WARNING: [Project 1-509] GeneratedRun file for 'zlcfq_inst_0_and_gate_0_7_synth_1' not found
WARNING: [Project 1-509] GeneratedRun file for 'design_2_aggregator_4bit_0_0_synth_1' not found
WARNING: [Project 1-509] GeneratedRun file for 'design_2_aggregator_4bit_2_0_synth_1' not found
WARNING: [Project 1-509] GeneratedRun file for 'zlcfq_inst_0_full_add_0_15_synth_1' not found
WARNING: [Project 1-509] GeneratedRun file for 'zlcfq_inst_0_full_add_0_14_synth_1' not found
WARNING: [Project 1-509] GeneratedRun file for 'zlcfq_inst_0_full_add_0_13_synth_1' not found
WARNING: [Project 1-509] GeneratedRun file for 'zlcfq_inst_0_and_gate_0_15_synth_1' not found
WARNING: [Project 1-509] GeneratedRun file for 'zlcfq_inst_0_and_gate_0_14_synth_1' not found
WARNING: [Project 1-509] GeneratedRun file for 'zlcfq_inst_0_full_add_0_7_synth_1' not found
WARNING: [Project 1-509] GeneratedRun file for 'zlcfq_inst_0_full_add_0_9_synth_1' not found
WARNING: [Project 1-509] GeneratedRun file for 'zlcfq_inst_0_and_gate_0_8_synth_1' not found
WARNING: [Project 1-509] GeneratedRun file for 'zlcfq_inst_0_and_gate_0_10_synth_1' not found
WARNING: [Project 1-509] GeneratedRun file for 'zlcfq_inst_0_full_add_0_8_synth_1' not found
WARNING: [Project 1-509] GeneratedRun file for 'zlcfq_inst_0_and_gate_0_11_synth_1' not found
WARNING: [Project 1-509] GeneratedRun file for 'zlcfq_inst_0_and_gate_0_13_synth_1' not found
WARNING: [Project 1-509] GeneratedRun file for 'zlcfq_inst_1_full_add_0_0_synth_1' not found
WARNING: [Project 1-509] GeneratedRun file for 'design_2_carry_output_splitter_0_1_synth_1' not found
WARNING: [Project 1-509] GeneratedRun file for 'design_2_carry_output_splitter_1_1_synth_1' not found
WARNING: [Project 1-509] GeneratedRun file for 'zlcfq_inst_1_full_add_0_11_synth_1' not found
WARNING: [Project 1-509] GeneratedRun file for 'zlcfq_inst_1_full_add_0_12_synth_1' not found
WARNING: [Project 1-509] GeneratedRun file for 'zlcfq_inst_1_and_gate_0_13_synth_1' not found
WARNING: [Project 1-509] GeneratedRun file for 'zlcfq_inst_1_and_gate_0_14_synth_1' not found
WARNING: [Project 1-509] GeneratedRun file for 'zlcfq_inst_1_full_add_0_15_synth_1' not found
WARNING: [Project 1-509] GeneratedRun file for 'zlcfq_inst_1_full_add_0_2_synth_1' not found
WARNING: [Project 1-509] GeneratedRun file for 'zlcfq_inst_1_full_add_0_7_synth_1' not found
WARNING: [Project 1-509] GeneratedRun file for 'zlcfq_inst_1_full_add_0_9_synth_1' not found
WARNING: [Project 1-509] GeneratedRun file for 'zlcfq_inst_1_and_gate_0_8_synth_1' not found
WARNING: [Project 1-509] GeneratedRun file for 'zlcfq_inst_1_full_add_0_10_synth_1' not found
WARNING: [Project 1-509] GeneratedRun file for 'zlcfq_inst_1_and_gate_0_2_synth_1' not found
WARNING: [Project 1-509] GeneratedRun file for 'zlcfq_inst_1_and_gate_0_10_synth_1' not found
WARNING: [Project 1-509] GeneratedRun file for 'zlcfq_inst_1_and_gate_0_6_synth_1' not found
WARNING: [Project 1-509] GeneratedRun file for 'zlcfq_inst_1_full_add_0_1_synth_1' not found
WARNING: [Project 1-509] GeneratedRun file for 'zlcfq_inst_1_and_gate_0_3_synth_1' not found
WARNING: [Project 1-509] GeneratedRun file for 'zlcfq_inst_1_and_gate_0_7_synth_1' not found
WARNING: [Project 1-509] GeneratedRun file for 'zlcfq_inst_1_and_gate_0_11_synth_1' not found
WARNING: [Project 1-509] GeneratedRun file for 'zlcfq_inst_1_and_gate_0_12_synth_1' not found
WARNING: [Project 1-509] GeneratedRun file for 'zlcfq_inst_1_full_add_0_8_synth_1' not found
WARNING: [Project 1-509] GeneratedRun file for 'zlcfq_inst_1_and_gate_0_9_synth_1' not found
WARNING: [Project 1-509] GeneratedRun file for 'zlcfq_inst_1_full_add_0_4_synth_1' not found
WARNING: [Project 1-509] GeneratedRun file for 'zlcfq_inst_1_full_add_0_13_synth_1' not found
WARNING: [Project 1-509] GeneratedRun file for 'zlcfq_inst_1_and_gate_0_15_synth_1' not found
WARNING: [Project 1-509] GeneratedRun file for 'zlcfq_inst_1_full_add_0_14_synth_1' not found
WARNING: [Project 1-509] GeneratedRun file for 'zlcfq_inst_1_full_add_0_3_synth_1' not found
WARNING: [Project 1-509] GeneratedRun file for 'zlcfq_inst_1_and_gate_0_1_synth_1' not found
WARNING: [Project 1-509] GeneratedRun file for 'zlcfq_inst_1_and_gate_0_5_synth_1' not found
WARNING: [Project 1-509] GeneratedRun file for 'zlcfq_inst_1_and_gate_0_0_synth_1' not found
WARNING: [Project 1-509] GeneratedRun file for 'zlcfq_inst_1_full_add_0_5_synth_1' not found
WARNING: [Project 1-509] GeneratedRun file for 'zlcfq_inst_1_full_add_0_6_synth_1' not found
WARNING: [Project 1-509] GeneratedRun file for 'zlcfq_inst_1_and_gate_0_4_synth_1' not found
WARNING: [Project 1-509] GeneratedRun file for 'design_2_full_add_0_33_synth_1' not found
WARNING: [Project 1-509] GeneratedRun file for 'design_2_and_gate_0_18_synth_1' not found
WARNING: [Project 1-509] GeneratedRun file for 'design_2_full_add_0_31_synth_1' not found
WARNING: [Project 1-509] GeneratedRun file for 'design_2_full_add_0_34_synth_1' not found
WARNING: [Project 1-509] GeneratedRun file for 'design_2_and_gate_0_16_synth_1' not found
WARNING: [Project 1-509] GeneratedRun file for 'design_2_carry_lookahead_74182_0_0_synth_1' not found
WARNING: [Project 1-509] GeneratedRun file for 'design_2_full_add_0_35_synth_1' not found
WARNING: [Project 1-509] GeneratedRun file for 'design_2_and_gate_0_19_synth_1' not found
WARNING: [Project 1-509] GeneratedRun file for 'design_2_full_add_0_32_synth_1' not found
WARNING: [Project 1-509] GeneratedRun file for 'design_2_aggregator_4bit_0_2_synth_1' not found
WARNING: [Project 1-509] GeneratedRun file for 'design_2_and_gate_0_17_synth_1' not found
WARNING: [Project 1-509] GeneratedRun file for 'design_2_and_gate_0_30_synth_1' not found
WARNING: [Project 1-509] GeneratedRun file for 'design_2_full_add_0_37_synth_1' not found
WARNING: [Project 1-509] GeneratedRun file for 'design_2_and_gate_0_25_synth_1' not found
WARNING: [Project 1-509] GeneratedRun file for 'design_2_full_add_0_36_synth_1' not found
WARNING: [Project 1-509] GeneratedRun file for 'design_2_and_gate_0_20_synth_1' not found
WARNING: [Project 1-509] GeneratedRun file for 'design_2_full_add_0_45_synth_1' not found
WARNING: [Project 1-509] GeneratedRun file for 'design_2_and_gate_0_21_synth_1' not found
WARNING: [Project 1-509] GeneratedRun file for 'design_2_and_gate_0_26_synth_1' not found
WARNING: [Project 1-509] GeneratedRun file for 'design_2_and_gate_0_28_synth_1' not found
WARNING: [Project 1-509] GeneratedRun file for 'design_2_full_add_0_41_synth_1' not found
WARNING: [Project 1-509] GeneratedRun file for 'design_2_and_gate_0_22_synth_1' not found
WARNING: [Project 1-509] GeneratedRun file for 'design_2_aggregator_4bit_0_3_synth_1' not found
WARNING: [Project 1-509] GeneratedRun file for 'design_2_full_add_0_39_synth_1' not found
WARNING: [Project 1-509] GeneratedRun file for 'design_2_aggregator_4bit_3_1_synth_1' not found
WARNING: [Project 1-509] GeneratedRun file for 'design_2_full_add_0_38_synth_1' not found
WARNING: [Project 1-509] GeneratedRun file for 'design_2_and_gate_0_23_synth_1' not found
INFO: [Common 17-14] Message 'Project 1-509' appears 100 times and further instances of the messages will be disabled. Use the Tcl command set_msg_config to change the current settings.
INFO: [IP_Flow 19-234] Refreshing IP repositories
INFO: [IP_Flow 19-1700] Loaded user IP repository 'd:/ip_repo'.
INFO: [IP_Flow 19-2313] Loaded Vivado IP repository 'D:/Vivado/2024.2/data/ip'.
INFO: [Project 1-5579] Found utility IPs instantiated in one or more block designs which have equivalent inline hdl with improved performance and reduced diskspace. It is recommended to migrate these utility IPs to inline hdl using the command upgrade_project -migrate_to_inline_hdl. The utility IPs may be deprecated in future releases. More information on inline hdl is available in UG994.
open_project: Time (s): cpu = 00:00:13 ; elapsed = 00:01:44 . Memory (MB): peak = 1687.500 ; gain = 620.809
update_compile_order -fileset sources_1
open_bd_design {D:/cd2/design_2/design_2.bd}
Reading block design file <D:/cd2/design_2/design_2.bd>...
Adding component instance block -- educg.net:user:cg_fpga:1.4 - cg_fpga_0
Adding component instance block -- xilinx.com:module_ref:adpt_in:1.0 - adpt_in_0
Adding component instance block -- xilinx.com:module_ref:adpt_out_16bit:1.0 - adpt_out_16bit_0
Adding component instance block -- xilinx.com:module_ref:adpt_in:1.0 - adpt_in_1
Adding component instance block -- xilinx.com:module_ref:carry_output_splitter:1.0 - carry_output_splitter_0
Adding component instance block -- xilinx.com:module_ref:carry_output_splitter:1.0 - carry_output_splitter_1
Adding component instance block -- xilinx.com:module_ref:carry_output_splitter:1.0 - carry_output_splitter_2
Adding component instance block -- xilinx.com:module_ref:carry_output_splitter:1.0 - carry_output_splitter_3
Adding component instance block -- xilinx.com:ip:xlconstant:1.1 - xlconstant_0
Adding component instance block -- xilinx.com:module_ref:aggregator_4bit:1.0 - aggregator_4bit_0
Adding component instance block -- xilinx.com:ip:xlconstant:1.1 - xlconstant_1
Adding component instance block -- xilinx.com:module_ref:alu_74181:1.0 - alu_74181_0
Adding component instance block -- xilinx.com:module_ref:alu_74181:1.0 - alu_74181_1
Adding component instance block -- xilinx.com:module_ref:alu_74181:1.0 - alu_74181_2
Adding component instance block -- xilinx.com:module_ref:carry_lookahead_74182:1.0 - carry_lookahead_74182_0
Adding Block Design Container - zlcfq1
Adding component instance block -- xilinx.com:module_ref:full_add:1.0 - full_add_0
Adding component instance block -- xilinx.com:module_ref:and_gate:1.0 - and_gate_0
Adding component instance block -- xilinx.com:module_ref:full_add:1.0 - full_add_0
Adding component instance block -- xilinx.com:module_ref:and_gate:1.0 - and_gate_0
Adding component instance block -- xilinx.com:module_ref:full_add:1.0 - full_add_0
Adding component instance block -- xilinx.com:module_ref:and_gate:1.0 - and_gate_0
Adding component instance block -- xilinx.com:module_ref:full_add:1.0 - full_add_0
Adding component instance block -- xilinx.com:module_ref:and_gate:1.0 - and_gate_0
Adding component instance block -- xilinx.com:module_ref:full_add:1.0 - full_add_0
Adding component instance block -- xilinx.com:module_ref:and_gate:1.0 - and_gate_0
Adding component instance block -- xilinx.com:module_ref:full_add:1.0 - full_add_0
Adding component instance block -- xilinx.com:module_ref:and_gate:1.0 - and_gate_0
Adding component instance block -- xilinx.com:module_ref:full_add:1.0 - full_add_0
Adding component instance block -- xilinx.com:module_ref:and_gate:1.0 - and_gate_0
Adding component instance block -- xilinx.com:module_ref:full_add:1.0 - full_add_0
Adding component instance block -- xilinx.com:module_ref:and_gate:1.0 - and_gate_0
Adding component instance block -- xilinx.com:module_ref:full_add:1.0 - full_add_0
Adding component instance block -- xilinx.com:module_ref:and_gate:1.0 - and_gate_0
Adding component instance block -- xilinx.com:module_ref:full_add:1.0 - full_add_0
Adding component instance block -- xilinx.com:module_ref:and_gate:1.0 - and_gate_0
Adding component instance block -- xilinx.com:module_ref:full_add:1.0 - full_add_0
Adding component instance block -- xilinx.com:module_ref:and_gate:1.0 - and_gate_0
Adding component instance block -- xilinx.com:module_ref:full_add:1.0 - full_add_0
Adding component instance block -- xilinx.com:module_ref:and_gate:1.0 - and_gate_0
Adding component instance block -- xilinx.com:module_ref:full_add:1.0 - full_add_0
Adding component instance block -- xilinx.com:module_ref:and_gate:1.0 - and_gate_0
Adding component instance block -- xilinx.com:module_ref:full_add:1.0 - full_add_0
Adding component instance block -- xilinx.com:module_ref:and_gate:1.0 - and_gate_0
Adding component instance block -- xilinx.com:module_ref:full_add:1.0 - full_add_0
Adding component instance block -- xilinx.com:module_ref:and_gate:1.0 - and_gate_0
Adding component instance block -- xilinx.com:module_ref:full_add:1.0 - full_add_0
Adding component instance block -- xilinx.com:module_ref:and_gate:1.0 - and_gate_0
Adding component instance block -- xilinx.com:ip:xlconstant:1.1 - xlconstant_0
Adding component instance block -- xilinx.com:ip:xlconstant:1.1 - xlconstant_1
Adding component instance block -- xilinx.com:module_ref:aggregator_4bit:1.0 - aggregator_4bit_0
Adding component instance block -- xilinx.com:module_ref:aggregator_4bit:1.0 - aggregator_4bit_1
Adding component instance block -- xilinx.com:ip:xlconstant:1.1 - xlconstant_2
Adding component instance block -- xilinx.com:ip:xlconstant:1.1 - xlconstant_3
Adding component instance block -- xilinx.com:module_ref:aggregator_4bit:1.0 - aggregator_4bit_2
Adding component instance block -- xilinx.com:module_ref:aggregator_4bit:1.0 - aggregator_4bit_3
Adding component instance block -- xilinx.com:ip:xlconstant:1.1 - xlconstant_4
Adding component instance block -- xilinx.com:module_ref:alu_74181:1.0 - alu_74181_0
Adding component instance block -- xilinx.com:module_ref:alu_74181:1.0 - alu_74181_1
Adding component instance block -- xilinx.com:module_ref:aggregator_4bit:1.0 - aggregator_4bit_0
Adding Block Design Container - zlcfq1
Adding component instance block -- xilinx.com:module_ref:full_add:1.0 - full_add_0
Adding component instance block -- xilinx.com:module_ref:and_gate:1.0 - and_gate_0
Adding component instance block -- xilinx.com:module_ref:full_add:1.0 - full_add_0
Adding component instance block -- xilinx.com:module_ref:and_gate:1.0 - and_gate_0
Adding component instance block -- xilinx.com:module_ref:full_add:1.0 - full_add_0
Adding component instance block -- xilinx.com:module_ref:and_gate:1.0 - and_gate_0
Adding component instance block -- xilinx.com:module_ref:full_add:1.0 - full_add_0
Adding component instance block -- xilinx.com:module_ref:and_gate:1.0 - and_gate_0
Adding component instance block -- xilinx.com:module_ref:full_add:1.0 - full_add_0
Adding component instance block -- xilinx.com:module_ref:and_gate:1.0 - and_gate_0
Adding component instance block -- xilinx.com:module_ref:full_add:1.0 - full_add_0
Adding component instance block -- xilinx.com:module_ref:and_gate:1.0 - and_gate_0
Adding component instance block -- xilinx.com:module_ref:full_add:1.0 - full_add_0
Adding component instance block -- xilinx.com:module_ref:and_gate:1.0 - and_gate_0
Adding component instance block -- xilinx.com:module_ref:full_add:1.0 - full_add_0
Adding component instance block -- xilinx.com:module_ref:and_gate:1.0 - and_gate_0
Adding component instance block -- xilinx.com:module_ref:full_add:1.0 - full_add_0
Adding component instance block -- xilinx.com:module_ref:and_gate:1.0 - and_gate_0
Adding component instance block -- xilinx.com:module_ref:full_add:1.0 - full_add_0
Adding component instance block -- xilinx.com:module_ref:and_gate:1.0 - and_gate_0
Adding component instance block -- xilinx.com:module_ref:full_add:1.0 - full_add_0
Adding component instance block -- xilinx.com:module_ref:and_gate:1.0 - and_gate_0
Adding component instance block -- xilinx.com:module_ref:full_add:1.0 - full_add_0
Adding component instance block -- xilinx.com:module_ref:and_gate:1.0 - and_gate_0
Adding component instance block -- xilinx.com:module_ref:full_add:1.0 - full_add_0
Adding component instance block -- xilinx.com:module_ref:and_gate:1.0 - and_gate_0
Adding component instance block -- xilinx.com:module_ref:full_add:1.0 - full_add_0
Adding component instance block -- xilinx.com:module_ref:and_gate:1.0 - and_gate_0
Adding component instance block -- xilinx.com:module_ref:full_add:1.0 - full_add_0
Adding component instance block -- xilinx.com:module_ref:and_gate:1.0 - and_gate_0
Adding component instance block -- xilinx.com:module_ref:full_add:1.0 - full_add_0
Adding component instance block -- xilinx.com:module_ref:and_gate:1.0 - and_gate_0
Adding component instance block -- xilinx.com:ip:xlconstant:1.1 - xlconstant_0
Adding component instance block -- xilinx.com:ip:xlconstant:1.1 - xlconstant_1
Adding component instance block -- xilinx.com:module_ref:aggregator_4bit:1.0 - aggregator_4bit_0
Adding component instance block -- xilinx.com:module_ref:aggregator_4bit:1.0 - aggregator_4bit_1
Adding component instance block -- xilinx.com:ip:xlconstant:1.1 - xlconstant_2
Adding component instance block -- xilinx.com:ip:xlconstant:1.1 - xlconstant_3
Adding component instance block -- xilinx.com:module_ref:aggregator_4bit:1.0 - aggregator_4bit_2
Adding component instance block -- xilinx.com:module_ref:aggregator_4bit:1.0 - aggregator_4bit_3
Adding component instance block -- xilinx.com:ip:xlconstant:1.1 - xlconstant_4
Adding component instance block -- xilinx.com:module_ref:alu_74181:1.0 - alu_74181_0
Adding component instance block -- xilinx.com:module_ref:alu_74181:1.0 - alu_74181_1
Adding component instance block -- xilinx.com:module_ref:aggregator_4bit:1.0 - aggregator_4bit_0
Adding component instance block -- xilinx.com:module_ref:xor_gate:1.0 - xor_gate_0
Adding component instance block -- xilinx.com:ip:xlconstant:1.1 - xlconstant_0
Adding component instance block -- xilinx.com:module_ref:aggregator_4bit:1.0 - aggregator_4bit_0
Adding component instance block -- xilinx.com:ip:xlconstant:1.1 - xlconstant_1
Adding component instance block -- xilinx.com:module_ref:alu_74181:1.0 - alu_74181_0
Adding component instance block -- xilinx.com:module_ref:alu_74181:1.0 - alu_74181_1
Adding component instance block -- xilinx.com:module_ref:alu_74181:1.0 - alu_74181_2
Adding component instance block -- xilinx.com:module_ref:carry_lookahead_74182:1.0 - carry_lookahead_74182_0
Successfully read diagram <design_2> from block design file <D:/cd2/design_2/design_2.bd>
open_bd_design: Time (s): cpu = 00:00:04 ; elapsed = 00:00:18 . Memory (MB): peak = 1912.418 ; gain = 144.699
update_compile_order -fileset sources_1
report_ip_status -name ip_status 
delete_bd_objs [get_bd_cells xor_gate_0]
WARNING: [filemgmt 20-645] DesignGraph 'sim_1-0-28-design_2-(3)-28-zlcfq_inst_1' already exists.
report_ip_status -name ip_status 
create_bd_cell -type module -reference xor_gate_8bit xor_gate_8bit_0
WARNING: [filemgmt 20-645] DesignGraph 'sim_1-0-28-design_2-(2)-28-zlcfq_inst_1' already exists.
set_property location {3 278 -397} [get_bd_cells xor_gate_8bit_0]
WARNING: [filemgmt 56-199] Attempt to get parsing info during refresh. "On-the-fly" syntax checking information may be incorrect. [D:\cd2\exp2\xor_gate.v:]
WARNING: [filemgmt 56-199] Attempt to get parsing info during refresh. "On-the-fly" syntax checking information may be incorrect. [D:\cd2\exp2\adpt_in.v:]
WARNING: [filemgmt 56-199] Attempt to get parsing info during refresh. "On-the-fly" syntax checking information may be incorrect. [D:\cd2\exp2\adpt_in.v:]
WARNING: [filemgmt 56-199] Attempt to get parsing info during refresh. "On-the-fly" syntax checking information may be incorrect. [D:\cd2\exp2\adpt_in.v:]
ERROR: [Common 17-180] Spawn failed: No error
WARNING: [filemgmt 20-645] DesignGraph 'sim_1-0-28-design_2-(5)-28-zlcfq_inst_1' already exists.
add_files -norecurse D:/cd2/exp2/xor.v
WARNING: [filemgmt 56-199] Attempt to get parsing info during refresh. "On-the-fly" syntax checking information may be incorrect. [D:\cd2\exp2\xor_gate.v:]
WARNING: [filemgmt 56-199] Attempt to get parsing info during refresh. "On-the-fly" syntax checking information may be incorrect. [D:\cd2\exp2\adpt_in.v:]
WARNING: [filemgmt 56-199] Attempt to get parsing info during refresh. "On-the-fly" syntax checking information may be incorrect. [D:\cd2\exp2\adpt_in.v:]
WARNING: [filemgmt 56-199] Attempt to get parsing info during refresh. "On-the-fly" syntax checking information may be incorrect. [D:\cd2\exp2\adpt_in.v:]
ERROR: [Common 17-180] Spawn failed: No error
update_compile_order -fileset sources_1
WARNING: [filemgmt 56-199] Attempt to get parsing info during refresh. "On-the-fly" syntax checking information may be incorrect. [D:\cd2\exp2\xor_gate.v:]
WARNING: [filemgmt 56-199] Attempt to get parsing info during refresh. "On-the-fly" syntax checking information may be incorrect. [D:\cd2\exp2\adpt_in.v:]
WARNING: [filemgmt 56-199] Attempt to get parsing info during refresh. "On-the-fly" syntax checking information may be incorrect. [D:\cd2\exp2\adpt_in.v:]
WARNING: [filemgmt 56-199] Attempt to get parsing info during refresh. "On-the-fly" syntax checking information may be incorrect. [D:\cd2\exp2\adpt_in.v:]
ERROR: [Common 17-180] Spawn failed: No error
report_ip_status -name ip_status 
update_module_reference [get_ips  {design_2_adpt_in_1_0 design_2_adpt_in_0_2}]
WARNING: [filemgmt 20-645] DesignGraph 'sources_1-0-28-design_2-(1)-28-zlcfq_inst_1' already exists.
Upgrading 'D:/cd2/design_2/design_2.bd'
INFO: [IP_Flow 19-3420] Updated design_2_adpt_in_0_2 to use current project options
WARNING: [IP_Flow 19-4698] Upgrade has added port 'a8'
WARNING: [IP_Flow 19-3298] Detected external port differences while upgrading 'design_2_adpt_in_0_2'. These changes may impact your design.
INFO: [IP_Flow 19-3420] Updated design_2_adpt_in_1_0 to use current project options
WARNING: [IP_Flow 19-4698] Upgrade has added port 'a8'
WARNING: [IP_Flow 19-3298] Detected external port differences while upgrading 'design_2_adpt_in_1_0'. These changes may impact your design.
CRITICAL WARNING: [Coretcl 2-1280] The upgrade of 'design_2_adpt_in_0_2' has identified issues that may require user intervention. Please verify that the instance is correctly configured, and review any upgrade messages.
CRITICAL WARNING: [Coretcl 2-1280] The upgrade of 'design_2_adpt_in_1_0' has identified issues that may require user intervention. Please verify that the instance is correctly configured, and review any upgrade messages.
Wrote  : <D:\cd2\design_2\bd\zlcfq_inst_0\zlcfq_inst_0.bd> 
Wrote  : <D:\cd2\design_2\bd\zlcfq_inst_1\zlcfq_inst_1.bd> 
Wrote  : <D:\cd2\design_2\design_2.bd> 
Wrote  : <D:/cd2/design_2/ui/bd_1fdbff51.ui> 
upgrade_ip: Time (s): cpu = 00:00:03 ; elapsed = 00:00:10 . Memory (MB): peak = 2128.125 ; gain = 12.559
update_module_reference: Time (s): cpu = 00:00:04 ; elapsed = 00:00:11 . Memory (MB): peak = 2128.125 ; gain = 12.559
WARNING: [filemgmt 20-645] DesignGraph 'sim_1-0-28-design_2-(4)-28-zlcfq_inst_0' already exists.
WARNING: [filemgmt 20-645] DesignGraph 'sim_1-0-28-design_2-(4)-28-zlcfq_inst_1' already exists.
update_compile_order -fileset sources_1
delete_bd_objs [get_bd_nets adpt_in_1_a2] [get_bd_nets adpt_in_0_a5] [get_bd_nets adpt_in_0_a6] [get_bd_nets adpt_in_1_a3] [get_bd_nets adpt_in_1_a4] [get_bd_nets adpt_in_0_a7] [get_bd_nets adpt_in_1_a5] [get_bd_nets adpt_in_1_a6] [get_bd_nets adpt_in_1_a7] [get_bd_nets adpt_in_0_a1] [get_bd_nets adpt_in_0_a2] [get_bd_nets adpt_in_0_a3] [get_bd_nets adpt_in_1_a0] [get_bd_nets adpt_in_0_a4] [get_bd_nets adpt_in_1_a1] [get_bd_nets adpt_in_0_a0]
delete_bd_objs [get_bd_nets SUM/half_mul1_f2] [get_bd_nets SUM/alu_74181_0_cout] [get_bd_nets SUM/alu_74181_2_f] [get_bd_cells SUM/alu_74181_2]
delete_bd_objs [get_bd_pins SUM/a2]
delete_bd_objs [get_bd_pins SUM/f2]
set_property name f2 [get_bd_pins SUM/f]
connect_bd_net [get_bd_pins xor_gate_8bit_0/y_low] [get_bd_pins SUM/a]
set_property name a2 [get_bd_pins SUM/a1]
set_property name b2 [get_bd_pins SUM/b1]
set_property name a1 [get_bd_pins SUM/a]
set_property name b1 [get_bd_pins SUM/b]
set_property name a0 [get_bd_pins SUM/a2]
set_property name b0 [get_bd_pins SUM/b2]
delete_bd_objs [get_bd_nets xor_gate_8bit_0_y_low]
connect_bd_net [get_bd_pins xor_gate_8bit_0/y_low] [get_bd_pins SUM/a0]
startgroup
connect_bd_net [get_bd_pins xor_gate_8bit_0/y_high] [get_bd_pins SUM/a1]
endgroup
set_property name f3 [get_bd_pins zlcfq_sixteen/f2]
set_property name f2 [get_bd_pins zlcfq_sixteen/f]
connect_bd_net [get_bd_pins adpt_in_1/a8] [get_bd_pins SUM/b1]
delete_bd_objs [get_bd_nets adpt_in_1_a8]
connect_bd_net [get_bd_pins adpt_in_1/a8] [get_bd_pins SUM/b0]
set_property location {3.5 791 -315} [get_bd_cells SUM]
set_property location {2.5 610 -377} [get_bd_cells xor_gate_8bit_0]
set_property location {3 600 -132} [get_bd_cells xor_gate_8bit_0]
set_property location {4 818 -181} [get_bd_cells SUM]
connect_bd_net [get_bd_pins adpt_in_1/a0] [get_bd_pins xor_gate_8bit_0/a0]
connect_bd_net [get_bd_pins adpt_in_1/a1] [get_bd_pins xor_gate_8bit_0/a1]
connect_bd_net [get_bd_pins adpt_in_1/a2] [get_bd_pins xor_gate_8bit_0/a2]
connect_bd_net [get_bd_pins adpt_in_1/a3] [get_bd_pins xor_gate_8bit_0/a3]
connect_bd_net [get_bd_pins adpt_in_1/a4] [get_bd_pins xor_gate_8bit_0/a4]
connect_bd_net [get_bd_pins adpt_in_1/a5] [get_bd_pins xor_gate_8bit_0/a5]
connect_bd_net [get_bd_pins adpt_in_1/a6] [get_bd_pins xor_gate_8bit_0/a6]
connect_bd_net [get_bd_pins adpt_in_1/a7] [get_bd_pins xor_gate_8bit_0/a7]
connect_bd_net [get_bd_pins xor_gate_8bit_0/b7] [get_bd_pins adpt_in_1/a8]
connect_bd_net [get_bd_pins xor_gate_8bit_0/b6] [get_bd_pins adpt_in_1/a8]
connect_bd_net [get_bd_pins xor_gate_8bit_0/b5] [get_bd_pins adpt_in_1/a8]
connect_bd_net [get_bd_pins xor_gate_8bit_0/b4] [get_bd_pins adpt_in_1/a8]
connect_bd_net [get_bd_pins xor_gate_8bit_0/b3] [get_bd_pins adpt_in_1/a8]
connect_bd_net [get_bd_pins xor_gate_8bit_0/b2] [get_bd_pins adpt_in_1/a8]
connect_bd_net [get_bd_pins xor_gate_8bit_0/b1] [get_bd_pins adpt_in_1/a8]
connect_bd_net [get_bd_pins xor_gate_8bit_0/b0] [get_bd_pins adpt_in_1/a8]
copy_bd_objs /  [get_bd_cells {xor_gate_8bit_0}]
set_property location {3 625 375} [get_bd_cells xor_gate_8bit_1]
create_bd_cell -type module -reference carry_output_splitter carry_output_splitter_4
connect_bd_net [get_bd_pins SUM/f1] [get_bd_pins carry_output_splitter_4/cout_bus]
connect_bd_net [get_bd_pins carry_output_splitter_4/cout0] [get_bd_pins zlcfq_sixteen/b_3]
delete_bd_objs [get_bd_nets carry_output_splitter_4_cout0]
connect_bd_net [get_bd_pins carry_output_splitter_4/cout0] [get_bd_pins zlcfq_sixteen/a_0]
connect_bd_net [get_bd_pins carry_output_splitter_4/cout1] [get_bd_pins zlcfq_sixteen/a_1]
connect_bd_net [get_bd_pins carry_output_splitter_4/cout2] [get_bd_pins zlcfq_sixteen/a_2]
connect_bd_net [get_bd_pins carry_output_splitter_4/cout3] [get_bd_pins zlcfq_sixteen/a_3]
create_bd_cell -type module -reference carry_output_splitter carry_output_splitter_5
connect_bd_net [get_bd_pins SUM/f2] [get_bd_pins carry_output_splitter_5/cout_bus]
connect_bd_net [get_bd_pins carry_output_splitter_5/cout0] [get_bd_pins zlcfq_sixteen/a_4]
connect_bd_net [get_bd_pins carry_output_splitter_5/cout1] [get_bd_pins zlcfq_sixteen/a_5]
connect_bd_net [get_bd_pins carry_output_splitter_5/cout2] [get_bd_pins zlcfq_sixteen/a_6]
connect_bd_net [get_bd_pins carry_output_splitter_5/cout3] [get_bd_pins zlcfq_sixteen/a_7]
copy_bd_objs /  [get_bd_cells {SUM}]
WARNING: [filemgmt 20-645] DesignGraph 'sources_1-0-28-design_2-(4)-28-zlcfq_inst_0' already exists.
WARNING: [filemgmt 20-645] DesignGraph 'sim_1-0-28-design_2-(4)-28-zlcfq_inst_1' already exists.
connect_bd_net [get_bd_pins adpt_in_0/a0] [get_bd_pins xor_gate_8bit_1/a0]
connect_bd_net [get_bd_pins adpt_in_0/a1] [get_bd_pins xor_gate_8bit_1/a1]
connect_bd_net [get_bd_pins adpt_in_0/a2] [get_bd_pins xor_gate_8bit_1/a2]
connect_bd_net [get_bd_pins adpt_in_0/a3] [get_bd_pins xor_gate_8bit_1/a3]
connect_bd_net [get_bd_pins adpt_in_0/a4] [get_bd_pins xor_gate_8bit_1/a4]
connect_bd_net [get_bd_pins adpt_in_0/a5] [get_bd_pins xor_gate_8bit_1/a5]
connect_bd_net [get_bd_pins adpt_in_0/a6] [get_bd_pins xor_gate_8bit_1/a6]
connect_bd_net [get_bd_pins adpt_in_0/a7] [get_bd_pins xor_gate_8bit_1/a7]
connect_bd_net [get_bd_pins adpt_in_0/a8] [get_bd_pins xor_gate_8bit_1/b0]
connect_bd_net [get_bd_pins xor_gate_8bit_1/b1] [get_bd_pins adpt_in_0/a8]
connect_bd_net [get_bd_pins xor_gate_8bit_1/b2] [get_bd_pins adpt_in_0/a8]
connect_bd_net [get_bd_pins xor_gate_8bit_1/b3] [get_bd_pins adpt_in_0/a8]
connect_bd_net [get_bd_pins xor_gate_8bit_1/b4] [get_bd_pins adpt_in_0/a8]
connect_bd_net [get_bd_pins xor_gate_8bit_1/b5] [get_bd_pins adpt_in_0/a8]
connect_bd_net [get_bd_pins xor_gate_8bit_1/b6] [get_bd_pins adpt_in_0/a8]
connect_bd_net [get_bd_pins xor_gate_8bit_1/b7] [get_bd_pins adpt_in_0/a8]
connect_bd_net [get_bd_pins xor_gate_8bit_1/y_low] [get_bd_pins SUM1/a0]
connect_bd_net [get_bd_pins xor_gate_8bit_1/y_high] [get_bd_pins SUM1/a1]
connect_bd_net [get_bd_pins SUM1/b0] [get_bd_pins adpt_in_0/a8]
set_property location {3.5 851 320} [get_bd_cells SUM1]
create_bd_cell -type module -reference carry_output_splitter carry_output_splitter_6
WARNING: [filemgmt 20-645] DesignGraph 'sources_1-0-28-design_2-(3)-28-zlcfq_inst_0' already exists.
create_bd_cell -type module -reference carry_output_splitter carry_output_splitter_7
connect_bd_net [get_bd_pins SUM1/f1] [get_bd_pins carry_output_splitter_7/cout_bus]
connect_bd_net [get_bd_pins SUM1/f2] [get_bd_pins carry_output_splitter_6/cout_bus]
connect_bd_net [get_bd_pins carry_output_splitter_7/cout0] [get_bd_pins zlcfq_sixteen/b_0]
connect_bd_net [get_bd_pins carry_output_splitter_7/cout1] [get_bd_pins zlcfq_sixteen/b_1]
connect_bd_net [get_bd_pins carry_output_splitter_7/cout2] [get_bd_pins zlcfq_sixteen/b_2]
connect_bd_net [get_bd_pins carry_output_splitter_7/cout3] [get_bd_pins zlcfq_sixteen/b_3]
connect_bd_net [get_bd_pins carry_output_splitter_6/cout0] [get_bd_pins zlcfq_sixteen/b_4]
connect_bd_net [get_bd_pins carry_output_splitter_6/cout1] [get_bd_pins zlcfq_sixteen/b_5]
connect_bd_net [get_bd_pins carry_output_splitter_6/cout2] [get_bd_pins zlcfq_sixteen/b_6]
connect_bd_net [get_bd_pins carry_output_splitter_6/cout3] [get_bd_pins zlcfq_sixteen/b_7]
save_bd_design
Wrote  : <D:\cd2\design_2\bd\zlcfq_inst_0\zlcfq_inst_0.bd> 
Wrote  : <D:\cd2\design_2\bd\zlcfq_inst_1\zlcfq_inst_1.bd> 
Wrote  : <D:\cd2\design_2\design_2.bd> 
Wrote  : <D:/cd2/design_2/ui/bd_1fdbff51.ui> 
add_files -norecurse D:/cd2/exp2/xor.v
WARNING: [filemgmt 56-12] File 'D:/cd2/exp2/xor.v' cannot be added to the project because it already exists in the project, skipping this file
remove_files  D:/cd2/exp2/xor.v
