INFO: [VRFC 10-2263] Analyzing Verilog file "E:/cd2/exp2/adpt_in.v" into library xil_defaultlib
INFO: [VRFC 10-311] analyzing module adpt_in
INFO: [VRFC 10-2263] Analyzing Verilog file "E:/cd2/exp2/adpt_out.v" into library xil_defaultlib
INFO: [VRFC 10-311] analyzing module adpt_out_16bit
INFO: [VRFC 10-2263] Analyzing Verilog file "E:/cd2/exp2/carry_output_splitter.v" into library xil_defaultlib
INFO: [VRFC 10-311] analyzing module carry_output_splitter
INFO: [VRFC 10-2263] Analyzing Verilog file "E:/cd2/exp2/aggregator_4bit.v" into library xil_defaultlib
INFO: [VRFC 10-311] analyzing module aggregator_4bit
INFO: [VRFC 10-2263] Analyzing Verilog file "E:/cd2/exp2/74181.v" into library xil_defaultlib
INFO: [VRFC 10-311] analyzing module alu_74181
INFO: [VRFC 10-2263] Analyzing Verilog file "E:/cd2/exp2/74182.v" into library xil_defaultlib
INFO: [VRFC 10-311] analyzing module carry_lookahead_74182
INFO: [VRFC 10-2263] Analyzing Verilog file "E:/cd2/exp2/full_add.v" into library xil_defaultlib
INFO: [VRFC 10-311] analyzing module full_add
INFO: [VRFC 10-2263] Analyzing Verilog file "E:/cd2/exp2/and_gate.v" into library xil_defaultlib
INFO: [VRFC 10-311] analyzing module and_gate
INFO: [VRFC 10-2263] Analyzing Verilog file "E:/cd2/exp2/xor_gate.v" into library xil_defaultlib
INFO: [VRFC 10-311] analyzing module xor_gate_8bit
INFO: [VRFC 10-2263] Analyzing Verilog file "E:/cd2/exp2/complement.v" into library xil_defaultlib
INFO: [VRFC 10-311] analyzing module complement_16bit_controlled
INFO: [VRFC 10-2263] Analyzing Verilog file "E:/cd2/exp2/xor.v" into library xil_defaultlib
INFO: [VRFC 10-311] analyzing module xor_gate
INFO: [VRFC 10-2263] Analyzing Verilog file "E:/cd2/course_design_2/course_design_2.ip_user_files/bd/zlcfq_inst_0/ip/zlcfq_inst_0_full_add_0_0/sim/zlcfq_inst_0_full_add_0_0.v" into library xil_defaultlib
INFO: [VRFC 10-311] analyzing module zlcfq_inst_0_full_add_0_0
INFO: [VRFC 10-2263] Analyzing Verilog file "E:/cd2/course_design_2/course_design_2.ip_user_files/bd/zlcfq_inst_0/ip/zlcfq_inst_0_and_gate_0_0/sim/zlcfq_inst_0_and_gate_0_0.v" into library xil_defaultlib
INFO: [VRFC 10-311] analyzing module zlcfq_inst_0_and_gate_0_0
INFO: [VRFC 10-2263] Analyzing Verilog file "E:/cd2/course_design_2/course_design_2.ip_user_files/bd/zlcfq_inst_0/ip/zlcfq_inst_0_full_add_0_1/sim/zlcfq_inst_0_full_add_0_1.v" into library xil_defaultlib
INFO: [VRFC 10-311] analyzing module zlcfq_inst_0_full_add_0_1
INFO: [VRFC 10-2263] Analyzing Verilog file "E:/cd2/course_design_2/course_design_2.ip_user_files/bd/zlcfq_inst_0/ip/zlcfq_inst_0_and_gate_0_1/sim/zlcfq_inst_0_and_gate_0_1.v" into library xil_defaultlib
INFO: [VRFC 10-311] analyzing module zlcfq_inst_0_and_gate_0_1
INFO: [VRFC 10-2263] Analyzing Verilog file "E:/cd2/course_design_2/course_design_2.ip_user_files/bd/zlcfq_inst_0/ip/zlcfq_inst_0_full_add_0_2/sim/zlcfq_inst_0_full_add_0_2.v" into library xil_defaultlib
INFO: [VRFC 10-311] analyzing module zlcfq_inst_0_full_add_0_2
INFO: [VRFC 10-2263] Analyzing Verilog file "E:/cd2/course_design_2/course_design_2.ip_user_files/bd/zlcfq_inst_0/ip/zlcfq_inst_0_and_gate_0_2/sim/zlcfq_inst_0_and_gate_0_2.v" into library xil_defaultlib
INFO: [VRFC 10-311] analyzing module zlcfq_inst_0_and_gate_0_2
INFO: [VRFC 10-2263] Analyzing Verilog file "E:/cd2/course_design_2/course_design_2.ip_user_files/bd/zlcfq_inst_0/ip/zlcfq_inst_0_full_add_0_3/sim/zlcfq_inst_0_full_add_0_3.v" into library xil_defaultlib
INFO: [VRFC 10-311] analyzing module zlcfq_inst_0_full_add_0_3
INFO: [VRFC 10-2263] Analyzing Verilog file "E:/cd2/course_design_2/course_design_2.ip_user_files/bd/zlcfq_inst_0/ip/zlcfq_inst_0_and_gate_0_3/sim/zlcfq_inst_0_and_gate_0_3.v" into library xil_defaultlib
INFO: [VRFC 10-311] analyzing module zlcfq_inst_0_and_gate_0_3
INFO: [VRFC 10-2263] Analyzing Verilog file "E:/cd2/course_design_2/course_design_2.ip_user_files/bd/zlcfq_inst_0/ip/zlcfq_inst_0_full_add_0_4/sim/zlcfq_inst_0_full_add_0_4.v" into library xil_defaultlib
INFO: [VRFC 10-311] analyzing module zlcfq_inst_0_full_add_0_4
INFO: [VRFC 10-2263] Analyzing Verilog file "E:/cd2/course_design_2/course_design_2.ip_user_files/bd/zlcfq_inst_0/ip/zlcfq_inst_0_and_gate_0_4/sim/zlcfq_inst_0_and_gate_0_4.v" into library xil_defaultlib
INFO: [VRFC 10-311] analyzing module zlcfq_inst_0_and_gate_0_4
INFO: [VRFC 10-2263] Analyzing Verilog file "E:/cd2/course_design_2/course_design_2.ip_user_files/bd/zlcfq_inst_0/ip/zlcfq_inst_0_full_add_0_5/sim/zlcfq_inst_0_full_add_0_5.v" into library xil_defaultlib
INFO: [VRFC 10-311] analyzing module zlcfq_inst_0_full_add_0_5
INFO: [VRFC 10-2263] Analyzing Verilog file "E:/cd2/course_design_2/course_design_2.ip_user_files/bd/zlcfq_inst_0/ip/zlcfq_inst_0_and_gate_0_5/sim/zlcfq_inst_0_and_gate_0_5.v" into library xil_defaultlib
INFO: [VRFC 10-311] analyzing module zlcfq_inst_0_and_gate_0_5
INFO: [VRFC 10-2263] Analyzing Verilog file "E:/cd2/course_design_2/course_design_2.ip_user_files/bd/zlcfq_inst_0/ip/zlcfq_inst_0_full_add_0_6/sim/zlcfq_inst_0_full_add_0_6.v" into library xil_defaultlib
INFO: [VRFC 10-311] analyzing module zlcfq_inst_0_full_add_0_6
INFO: [VRFC 10-2263] Analyzing Verilog file "E:/cd2/course_design_2/course_design_2.ip_user_files/bd/zlcfq_inst_0/ip/zlcfq_inst_0_and_gate_0_6/sim/zlcfq_inst_0_and_gate_0_6.v" into library xil_defaultlib
INFO: [VRFC 10-311] analyzing module zlcfq_inst_0_and_gate_0_6
INFO: [VRFC 10-2263] Analyzing Verilog file "E:/cd2/course_design_2/course_design_2.ip_user_files/bd/zlcfq_inst_0/ip/zlcfq_inst_0_full_add_0_7/sim/zlcfq_inst_0_full_add_0_7.v" into library xil_defaultlib
INFO: [VRFC 10-311] analyzing module zlcfq_inst_0_full_add_0_7
INFO: [VRFC 10-2263] Analyzing Verilog file "E:/cd2/course_design_2/course_design_2.ip_user_files/bd/zlcfq_inst_0/ip/zlcfq_inst_0_and_gate_0_7/sim/zlcfq_inst_0_and_gate_0_7.v" into library xil_defaultlib
INFO: [VRFC 10-311] analyzing module zlcfq_inst_0_and_gate_0_7
INFO: [VRFC 10-2263] Analyzing Verilog file "E:/cd2/course_design_2/course_design_2.ip_user_files/bd/zlcfq_inst_0/ip/zlcfq_inst_0_full_add_0_8/sim/zlcfq_inst_0_full_add_0_8.v" into library xil_defaultlib
INFO: [VRFC 10-311] analyzing module zlcfq_inst_0_full_add_0_8
INFO: [VRFC 10-2263] Analyzing Verilog file "E:/cd2/course_design_2/course_design_2.ip_user_files/bd/zlcfq_inst_0/ip/zlcfq_inst_0_and_gate_0_8/sim/zlcfq_inst_0_and_gate_0_8.v" into library xil_defaultlib
INFO: [VRFC 10-311] analyzing module zlcfq_inst_0_and_gate_0_8
INFO: [VRFC 10-2263] Analyzing Verilog file "E:/cd2/course_design_2/course_design_2.ip_user_files/bd/zlcfq_inst_0/ip/zlcfq_inst_0_full_add_0_9/sim/zlcfq_inst_0_full_add_0_9.v" into library xil_defaultlib
INFO: [VRFC 10-311] analyzing module zlcfq_inst_0_full_add_0_9
INFO: [VRFC 10-2263] Analyzing Verilog file "E:/cd2/course_design_2/course_design_2.ip_user_files/bd/zlcfq_inst_0/ip/zlcfq_inst_0_and_gate_0_9/sim/zlcfq_inst_0_and_gate_0_9.v" into library xil_defaultlib
INFO: [VRFC 10-311] analyzing module zlcfq_inst_0_and_gate_0_9
INFO: [VRFC 10-2263] Analyzing Verilog file "E:/cd2/course_design_2/course_design_2.ip_user_files/bd/zlcfq_inst_0/ip/zlcfq_inst_0_full_add_0_10/sim/zlcfq_inst_0_full_add_0_10.v" into library xil_defaultlib
INFO: [VRFC 10-311] analyzing module zlcfq_inst_0_full_add_0_10
INFO: [VRFC 10-2263] Analyzing Verilog file "E:/cd2/course_design_2/course_design_2.ip_user_files/bd/zlcfq_inst_0/ip/zlcfq_inst_0_and_gate_0_10/sim/zlcfq_inst_0_and_gate_0_10.v" into library xil_defaultlib
INFO: [VRFC 10-311] analyzing module zlcfq_inst_0_and_gate_0_10
INFO: [VRFC 10-2263] Analyzing Verilog file "E:/cd2/course_design_2/course_design_2.ip_user_files/bd/zlcfq_inst_0/ip/zlcfq_inst_0_full_add_0_11/sim/zlcfq_inst_0_full_add_0_11.v" into library xil_defaultlib
INFO: [VRFC 10-311] analyzing module zlcfq_inst_0_full_add_0_11
INFO: [VRFC 10-2263] Analyzing Verilog file "E:/cd2/course_design_2/course_design_2.ip_user_files/bd/zlcfq_inst_0/ip/zlcfq_inst_0_and_gate_0_11/sim/zlcfq_inst_0_and_gate_0_11.v" into library xil_defaultlib
INFO: [VRFC 10-311] analyzing module zlcfq_inst_0_and_gate_0_11
INFO: [VRFC 10-2263] Analyzing Verilog file "E:/cd2/course_design_2/course_design_2.ip_user_files/bd/zlcfq_inst_0/ip/zlcfq_inst_0_full_add_0_12/sim/zlcfq_inst_0_full_add_0_12.v" into library xil_defaultlib
INFO: [VRFC 10-311] analyzing module zlcfq_inst_0_full_add_0_12
INFO: [VRFC 10-2263] Analyzing Verilog file "E:/cd2/course_design_2/course_design_2.ip_user_files/bd/zlcfq_inst_0/ip/zlcfq_inst_0_and_gate_0_12/sim/zlcfq_inst_0_and_gate_0_12.v" into library xil_defaultlib
INFO: [VRFC 10-311] analyzing module zlcfq_inst_0_and_gate_0_12
INFO: [VRFC 10-2263] Analyzing Verilog file "E:/cd2/course_design_2/course_design_2.ip_user_files/bd/zlcfq_inst_0/ip/zlcfq_inst_0_full_add_0_13/sim/zlcfq_inst_0_full_add_0_13.v" into library xil_defaultlib
INFO: [VRFC 10-311] analyzing module zlcfq_inst_0_full_add_0_13
INFO: [VRFC 10-2263] Analyzing Verilog file "E:/cd2/course_design_2/course_design_2.ip_user_files/bd/zlcfq_inst_0/ip/zlcfq_inst_0_and_gate_0_13/sim/zlcfq_inst_0_and_gate_0_13.v" into library xil_defaultlib
INFO: [VRFC 10-311] analyzing module zlcfq_inst_0_and_gate_0_13
INFO: [VRFC 10-2263] Analyzing Verilog file "E:/cd2/course_design_2/course_design_2.ip_user_files/bd/zlcfq_inst_0/ip/zlcfq_inst_0_full_add_0_14/sim/zlcfq_inst_0_full_add_0_14.v" into library xil_defaultlib
INFO: [VRFC 10-311] analyzing module zlcfq_inst_0_full_add_0_14
INFO: [VRFC 10-2263] Analyzing Verilog file "E:/cd2/course_design_2/course_design_2.ip_user_files/bd/zlcfq_inst_0/ip/zlcfq_inst_0_and_gate_0_14/sim/zlcfq_inst_0_and_gate_0_14.v" into library xil_defaultlib
INFO: [VRFC 10-311] analyzing module zlcfq_inst_0_and_gate_0_14
INFO: [VRFC 10-2263] Analyzing Verilog file "E:/cd2/course_design_2/course_design_2.ip_user_files/bd/zlcfq_inst_0/ip/zlcfq_inst_0_full_add_0_15/sim/zlcfq_inst_0_full_add_0_15.v" into library xil_defaultlib
INFO: [VRFC 10-311] analyzing module zlcfq_inst_0_full_add_0_15
INFO: [VRFC 10-2263] Analyzing Verilog file "E:/cd2/course_design_2/course_design_2.ip_user_files/bd/zlcfq_inst_0/ip/zlcfq_inst_0_and_gate_0_15/sim/zlcfq_inst_0_and_gate_0_15.v" into library xil_defaultlib
INFO: [VRFC 10-311] analyzing module zlcfq_inst_0_and_gate_0_15
INFO: [VRFC 10-2263] Analyzing Verilog file "E:/cd2/course_design_2/course_design_2.ip_user_files/bd/zlcfq_inst_0/sim/zlcfq_inst_0.v" into library xil_defaultlib
INFO: [VRFC 10-311] analyzing module addcell0_imp_X8MS95
INFO: [VRFC 10-311] analyzing module addcell10_imp_1L3SY8B
INFO: [VRFC 10-311] analyzing module addcell11_imp_4IL13I
INFO: [VRFC 10-311] analyzing module addcell12_imp_1C5JEO0
INFO: [VRFC 10-311] analyzing module addcell13_imp_V3RNNP
INFO: [VRFC 10-311] analyzing module addcell14_imp_3PYSIL
INFO: [VRFC 10-311] analyzing module addcell15_imp_1LZMP94
INFO: [VRFC 10-311] analyzing module addcell1_imp_1B9MFIK
INFO: [VRFC 10-311] analyzing module addcell2_imp_6JE30I
INFO: [VRFC 10-311] analyzing module addcell3_imp_1K1YGCN
INFO: [VRFC 10-311] analyzing module addcell4_imp_1EWI49R
INFO: [VRFC 10-311] analyzing module addcell5_imp_TNP02I
INFO: [VRFC 10-311] analyzing module addcell6_imp_1NP7BKK
INFO: [VRFC 10-311] analyzing module addcell7_imp_2ZCRTD
INFO: [VRFC 10-311] analyzing module addcell8_imp_CPLI3O
INFO: [VRFC 10-311] analyzing module addcell9_imp_1UOS675
INFO: [VRFC 10-311] analyzing module zlcfq_inst_0
INFO: [VRFC 10-2263] Analyzing Verilog file "E:/cd2/course_design_2/course_design_2.ip_user_files/bd/zlcfq_inst_1/ip/zlcfq_inst_1_full_add_0_0/sim/zlcfq_inst_1_full_add_0_0.v" into library xil_defaultlib
INFO: [VRFC 10-311] analyzing module zlcfq_inst_1_full_add_0_0
INFO: [VRFC 10-2263] Analyzing Verilog file "E:/cd2/course_design_2/course_design_2.ip_user_files/bd/zlcfq_inst_1/ip/zlcfq_inst_1_and_gate_0_0/sim/zlcfq_inst_1_and_gate_0_0.v" into library xil_defaultlib
INFO: [VRFC 10-311] analyzing module zlcfq_inst_1_and_gate_0_0
INFO: [VRFC 10-2263] Analyzing Verilog file "E:/cd2/course_design_2/course_design_2.ip_user_files/bd/zlcfq_inst_1/ip/zlcfq_inst_1_full_add_0_1/sim/zlcfq_inst_1_full_add_0_1.v" into library xil_defaultlib
INFO: [VRFC 10-311] analyzing module zlcfq_inst_1_full_add_0_1
INFO: [VRFC 10-2263] Analyzing Verilog file "E:/cd2/course_design_2/course_design_2.ip_user_files/bd/zlcfq_inst_1/ip/zlcfq_inst_1_and_gate_0_1/sim/zlcfq_inst_1_and_gate_0_1.v" into library xil_defaultlib
INFO: [VRFC 10-311] analyzing module zlcfq_inst_1_and_gate_0_1
INFO: [VRFC 10-2263] Analyzing Verilog file "E:/cd2/course_design_2/course_design_2.ip_user_files/bd/zlcfq_inst_1/ip/zlcfq_inst_1_full_add_0_2/sim/zlcfq_inst_1_full_add_0_2.v" into library xil_defaultlib
INFO: [VRFC 10-311] analyzing module zlcfq_inst_1_full_add_0_2
INFO: [VRFC 10-2263] Analyzing Verilog file "E:/cd2/course_design_2/course_design_2.ip_user_files/bd/zlcfq_inst_1/ip/zlcfq_inst_1_and_gate_0_2/sim/zlcfq_inst_1_and_gate_0_2.v" into library xil_defaultlib
INFO: [VRFC 10-311] analyzing module zlcfq_inst_1_and_gate_0_2
INFO: [VRFC 10-2263] Analyzing Verilog file "E:/cd2/course_design_2/course_design_2.ip_user_files/bd/zlcfq_inst_1/ip/zlcfq_inst_1_full_add_0_3/sim/zlcfq_inst_1_full_add_0_3.v" into library xil_defaultlib
INFO: [VRFC 10-311] analyzing module zlcfq_inst_1_full_add_0_3
INFO: [VRFC 10-2263] Analyzing Verilog file "E:/cd2/course_design_2/course_design_2.ip_user_files/bd/zlcfq_inst_1/ip/zlcfq_inst_1_and_gate_0_3/sim/zlcfq_inst_1_and_gate_0_3.v" into library xil_defaultlib
INFO: [VRFC 10-311] analyzing module zlcfq_inst_1_and_gate_0_3
INFO: [VRFC 10-2263] Analyzing Verilog file "E:/cd2/course_design_2/course_design_2.ip_user_files/bd/zlcfq_inst_1/ip/zlcfq_inst_1_full_add_0_4/sim/zlcfq_inst_1_full_add_0_4.v" into library xil_defaultlib
INFO: [VRFC 10-311] analyzing module zlcfq_inst_1_full_add_0_4
INFO: [VRFC 10-2263] Analyzing Verilog file "E:/cd2/course_design_2/course_design_2.ip_user_files/bd/zlcfq_inst_1/ip/zlcfq_inst_1_and_gate_0_4/sim/zlcfq_inst_1_and_gate_0_4.v" into library xil_defaultlib
INFO: [VRFC 10-311] analyzing module zlcfq_inst_1_and_gate_0_4
INFO: [VRFC 10-2263] Analyzing Verilog file "E:/cd2/course_design_2/course_design_2.ip_user_files/bd/zlcfq_inst_1/ip/zlcfq_inst_1_full_add_0_5/sim/zlcfq_inst_1_full_add_0_5.v" into library xil_defaultlib
INFO: [VRFC 10-311] analyzing module zlcfq_inst_1_full_add_0_5
INFO: [VRFC 10-2263] Analyzing Verilog file "E:/cd2/course_design_2/course_design_2.ip_user_files/bd/zlcfq_inst_1/ip/zlcfq_inst_1_and_gate_0_5/sim/zlcfq_inst_1_and_gate_0_5.v" into library xil_defaultlib
INFO: [VRFC 10-311] analyzing module zlcfq_inst_1_and_gate_0_5
INFO: [VRFC 10-2263] Analyzing Verilog file "E:/cd2/course_design_2/course_design_2.ip_user_files/bd/zlcfq_inst_1/ip/zlcfq_inst_1_full_add_0_6/sim/zlcfq_inst_1_full_add_0_6.v" into library xil_defaultlib
INFO: [VRFC 10-311] analyzing module zlcfq_inst_1_full_add_0_6
INFO: [VRFC 10-2263] Analyzing Verilog file "E:/cd2/course_design_2/course_design_2.ip_user_files/bd/zlcfq_inst_1/ip/zlcfq_inst_1_and_gate_0_6/sim/zlcfq_inst_1_and_gate_0_6.v" into library xil_defaultlib
INFO: [VRFC 10-311] analyzing module zlcfq_inst_1_and_gate_0_6
INFO: [VRFC 10-2263] Analyzing Verilog file "E:/cd2/course_design_2/course_design_2.ip_user_files/bd/zlcfq_inst_1/ip/zlcfq_inst_1_full_add_0_7/sim/zlcfq_inst_1_full_add_0_7.v" into library xil_defaultlib
INFO: [VRFC 10-311] analyzing module zlcfq_inst_1_full_add_0_7
INFO: [VRFC 10-2263] Analyzing Verilog file "E:/cd2/course_design_2/course_design_2.ip_user_files/bd/zlcfq_inst_1/ip/zlcfq_inst_1_and_gate_0_7/sim/zlcfq_inst_1_and_gate_0_7.v" into library xil_defaultlib
INFO: [VRFC 10-311] analyzing module zlcfq_inst_1_and_gate_0_7
INFO: [VRFC 10-2263] Analyzing Verilog file "E:/cd2/course_design_2/course_design_2.ip_user_files/bd/zlcfq_inst_1/ip/zlcfq_inst_1_full_add_0_8/sim/zlcfq_inst_1_full_add_0_8.v" into library xil_defaultlib
INFO: [VRFC 10-311] analyzing module zlcfq_inst_1_full_add_0_8
INFO: [VRFC 10-2263] Analyzing Verilog file "E:/cd2/course_design_2/course_design_2.ip_user_files/bd/zlcfq_inst_1/ip/zlcfq_inst_1_and_gate_0_8/sim/zlcfq_inst_1_and_gate_0_8.v" into library xil_defaultlib
INFO: [VRFC 10-311] analyzing module zlcfq_inst_1_and_gate_0_8
INFO: [VRFC 10-2263] Analyzing Verilog file "E:/cd2/course_design_2/course_design_2.ip_user_files/bd/zlcfq_inst_1/ip/zlcfq_inst_1_full_add_0_9/sim/zlcfq_inst_1_full_add_0_9.v" into library xil_defaultlib
INFO: [VRFC 10-311] analyzing module zlcfq_inst_1_full_add_0_9
INFO: [VRFC 10-2263] Analyzing Verilog file "E:/cd2/course_design_2/course_design_2.ip_user_files/bd/zlcfq_inst_1/ip/zlcfq_inst_1_and_gate_0_9/sim/zlcfq_inst_1_and_gate_0_9.v" into library xil_defaultlib
INFO: [VRFC 10-311] analyzing module zlcfq_inst_1_and_gate_0_9
INFO: [VRFC 10-2263] Analyzing Verilog file "E:/cd2/course_design_2/course_design_2.ip_user_files/bd/zlcfq_inst_1/ip/zlcfq_inst_1_full_add_0_10/sim/zlcfq_inst_1_full_add_0_10.v" into library xil_defaultlib
INFO: [VRFC 10-311] analyzing module zlcfq_inst_1_full_add_0_10
INFO: [VRFC 10-2263] Analyzing Verilog file "E:/cd2/course_design_2/course_design_2.ip_user_files/bd/zlcfq_inst_1/ip/zlcfq_inst_1_and_gate_0_10/sim/zlcfq_inst_1_and_gate_0_10.v" into library xil_defaultlib
INFO: [VRFC 10-311] analyzing module zlcfq_inst_1_and_gate_0_10
INFO: [VRFC 10-2263] Analyzing Verilog file "E:/cd2/course_design_2/course_design_2.ip_user_files/bd/zlcfq_inst_1/ip/zlcfq_inst_1_full_add_0_11/sim/zlcfq_inst_1_full_add_0_11.v" into library xil_defaultlib
INFO: [VRFC 10-311] analyzing module zlcfq_inst_1_full_add_0_11
INFO: [VRFC 10-2263] Analyzing Verilog file "E:/cd2/course_design_2/course_design_2.ip_user_files/bd/zlcfq_inst_1/ip/zlcfq_inst_1_and_gate_0_11/sim/zlcfq_inst_1_and_gate_0_11.v" into library xil_defaultlib
INFO: [VRFC 10-311] analyzing module zlcfq_inst_1_and_gate_0_11
INFO: [VRFC 10-2263] Analyzing Verilog file "E:/cd2/course_design_2/course_design_2.ip_user_files/bd/zlcfq_inst_1/ip/zlcfq_inst_1_full_add_0_12/sim/zlcfq_inst_1_full_add_0_12.v" into library xil_defaultlib
INFO: [VRFC 10-311] analyzing module zlcfq_inst_1_full_add_0_12
INFO: [VRFC 10-2263] Analyzing Verilog file "E:/cd2/course_design_2/course_design_2.ip_user_files/bd/zlcfq_inst_1/ip/zlcfq_inst_1_and_gate_0_12/sim/zlcfq_inst_1_and_gate_0_12.v" into library xil_defaultlib
INFO: [VRFC 10-311] analyzing module zlcfq_inst_1_and_gate_0_12
INFO: [VRFC 10-2263] Analyzing Verilog file "E:/cd2/course_design_2/course_design_2.ip_user_files/bd/zlcfq_inst_1/ip/zlcfq_inst_1_full_add_0_13/sim/zlcfq_inst_1_full_add_0_13.v" into library xil_defaultlib
INFO: [VRFC 10-311] analyzing module zlcfq_inst_1_full_add_0_13
INFO: [VRFC 10-2263] Analyzing Verilog file "E:/cd2/course_design_2/course_design_2.ip_user_files/bd/zlcfq_inst_1/ip/zlcfq_inst_1_and_gate_0_13/sim/zlcfq_inst_1_and_gate_0_13.v" into library xil_defaultlib
INFO: [VRFC 10-311] analyzing module zlcfq_inst_1_and_gate_0_13
INFO: [VRFC 10-2263] Analyzing Verilog file "E:/cd2/course_design_2/course_design_2.ip_user_files/bd/zlcfq_inst_1/ip/zlcfq_inst_1_full_add_0_14/sim/zlcfq_inst_1_full_add_0_14.v" into library xil_defaultlib
INFO: [VRFC 10-311] analyzing module zlcfq_inst_1_full_add_0_14
INFO: [VRFC 10-2263] Analyzing Verilog file "E:/cd2/course_design_2/course_design_2.ip_user_files/bd/zlcfq_inst_1/ip/zlcfq_inst_1_and_gate_0_14/sim/zlcfq_inst_1_and_gate_0_14.v" into library xil_defaultlib
INFO: [VRFC 10-311] analyzing module zlcfq_inst_1_and_gate_0_14
INFO: [VRFC 10-2263] Analyzing Verilog file "E:/cd2/course_design_2/course_design_2.ip_user_files/bd/zlcfq_inst_1/ip/zlcfq_inst_1_full_add_0_15/sim/zlcfq_inst_1_full_add_0_15.v" into library xil_defaultlib
INFO: [VRFC 10-311] analyzing module zlcfq_inst_1_full_add_0_15
INFO: [VRFC 10-2263] Analyzing Verilog file "E:/cd2/course_design_2/course_design_2.ip_user_files/bd/zlcfq_inst_1/ip/zlcfq_inst_1_and_gate_0_15/sim/zlcfq_inst_1_and_gate_0_15.v" into library xil_defaultlib
INFO: [VRFC 10-311] analyzing module zlcfq_inst_1_and_gate_0_15
INFO: [VRFC 10-2263] Analyzing Verilog file "E:/cd2/course_design_2/course_design_2.ip_user_files/bd/zlcfq_inst_1/sim/zlcfq_inst_1.v" into library xil_defaultlib
INFO: [VRFC 10-311] analyzing module addcell0_imp_7XLWF
INFO: [VRFC 10-311] analyzing module addcell10_imp_1FUARJ1
INFO: [VRFC 10-311] analyzing module addcell11_imp_SNERMG
INFO: [VRFC 10-311] analyzing module addcell12_imp_1OMZGYE
INFO: [VRFC 10-311] analyzing module addcell13_imp_1Z2EXF
INFO: [VRFC 10-311] analyzing module addcell14_imp_XYXGSR
INFO: [VRFC 10-311] analyzing module addcell15_imp_1ALT972
INFO: [VRFC 10-311] analyzing module addcell1_imp_1PF5OD6
INFO: [VRFC 10-311] analyzing module addcell2_imp_QSUD04
INFO: [VRFC 10-311] analyzing module addcell3_imp_1GFWZ4H
INFO: [VRFC 10-311] analyzing module addcell4_imp_1HEAIKP
INFO: [VRFC 10-311] analyzing module addcell5_imp_8ALR7W
INFO: [VRFC 10-311] analyzing module addcell6_imp_18G0EYQ
INFO: [VRFC 10-311] analyzing module addcell7_imp_YVS5L3
INFO: [VRFC 10-311] analyzing module addcell8_imp_P6T4S2
INFO: [VRFC 10-311] analyzing module addcell9_imp_11K5QT3
INFO: [VRFC 10-311] analyzing module zlcfq_inst_1
INFO: [VRFC 10-2263] Analyzing Verilog file "E:/cd2/course_design_2/course_design_2.ip_user_files/bd/design_2/ip/design_2_cg_fpga_0_0/src/cg_fpga_processing_system7_0_0/sim/cg_fpga_processing_system7_0_0.v" into library xil_defaultlib
INFO: [VRFC 10-311] analyzing module cg_fpga_processing_system7_0_0
INFO: [VRFC 10-2263] Analyzing Verilog file "E:/cd2/course_design_2/course_design_2.ip_user_files/bd/design_2/ip/design_2_cg_fpga_0_0/src/cg_fpga_xlconstant_1_0/sim/cg_fpga_xlconstant_1_0.v" into library xil_defaultlib
INFO: [VRFC 10-311] analyzing module cg_fpga_xlconstant_1_0
INFO: [VRFC 10-2263] Analyzing Verilog file "E:/cd2/course_design_2/course_design_2.ip_user_files/bd/design_2/ip/design_2_cg_fpga_0_0/src/cg_fpga_xlconstant_1_1/sim/cg_fpga_xlconstant_1_1.v" into library xil_defaultlib
INFO: [VRFC 10-311] analyzing module cg_fpga_xlconstant_1_1
INFO: [VRFC 10-2263] Analyzing Verilog file "E:/cd2/course_design_2/course_design_2.ip_user_files/bd/design_2/ipshared/1d03/sim/cg_fpga.v" into library xil_defaultlib
INFO: [VRFC 10-311] analyzing module cg_fpga
INFO: [VRFC 10-311] analyzing module cg_fpga_axi_mem_intercon_0
INFO: [VRFC 10-311] analyzing module cg_fpga_ps7_0_axi_periph_0
INFO: [VRFC 10-311] analyzing module m00_couplers_imp_V73XI6
INFO: [VRFC 10-311] analyzing module m00_couplers_imp_ZA0D5O
INFO: [VRFC 10-311] analyzing module m01_couplers_imp_1WYA6ZJ
INFO: [VRFC 10-311] analyzing module m02_couplers_imp_1BH0UOR
INFO: [VRFC 10-311] analyzing module m03_couplers_imp_CEXWYG
INFO: [VRFC 10-311] analyzing module m04_couplers_imp_3DM5OZ
INFO: [VRFC 10-311] analyzing module m05_couplers_imp_12PTIJ4
INFO: [VRFC 10-311] analyzing module m06_couplers_imp_1NY77H0
INFO: [VRFC 10-311] analyzing module s00_couplers_imp_1WMAV9E
INFO: [VRFC 10-311] analyzing module s00_couplers_imp_1WUAEBK
INFO: [VRFC 10-311] analyzing module s01_couplers_imp_VBV3B5
INFO: [VRFC 10-2263] Analyzing Verilog file "E:/cd2/course_design_2/course_design_2.ip_user_files/bd/design_2/ip/design_2_cg_fpga_0_0/sim/design_2_cg_fpga_0_0.v" into library xil_defaultlib
INFO: [VRFC 10-311] analyzing module design_2_cg_fpga_0_0
INFO: [VRFC 10-2263] Analyzing Verilog file "E:/cd2/course_design_2/course_design_2.ip_user_files/bd/design_2/ip/design_2_adpt_in_0_2/sim/design_2_adpt_in_0_2.v" into library xil_defaultlib
INFO: [VRFC 10-311] analyzing module design_2_adpt_in_0_2
INFO: [VRFC 10-2263] Analyzing Verilog file "E:/cd2/course_design_2/course_design_2.ip_user_files/bd/design_2/ip/design_2_adpt_out_16bit_0_0/sim/design_2_adpt_out_16bit_0_0.v" into library xil_defaultlib
INFO: [VRFC 10-311] analyzing module design_2_adpt_out_16bit_0_0
INFO: [VRFC 10-2263] Analyzing Verilog file "E:/cd2/course_design_2/course_design_2.ip_user_files/bd/design_2/ip/design_2_adpt_in_1_0/sim/design_2_adpt_in_1_0.v" into library xil_defaultlib
INFO: [VRFC 10-311] analyzing module design_2_adpt_in_1_0
INFO: [VRFC 10-2263] Analyzing Verilog file "E:/cd2/course_design_2/course_design_2.ip_user_files/bd/design_2/ip/design_2_carry_output_splitter_0_1/sim/design_2_carry_output_splitter_0_1.v" into library xil_defaultlib
INFO: [VRFC 10-311] analyzing module design_2_carry_output_splitter_0_1
INFO: [VRFC 10-2263] Analyzing Verilog file "E:/cd2/course_design_2/course_design_2.ip_user_files/bd/design_2/ip/design_2_carry_output_splitter_1_1/sim/design_2_carry_output_splitter_1_1.v" into library xil_defaultlib
INFO: [VRFC 10-311] analyzing module design_2_carry_output_splitter_1_1
INFO: [VRFC 10-2263] Analyzing Verilog file "E:/cd2/course_design_2/course_design_2.ip_user_files/bd/design_2/ip/design_2_carry_output_splitter_2_1/sim/design_2_carry_output_splitter_2_1.v" into library xil_defaultlib
INFO: [VRFC 10-311] analyzing module design_2_carry_output_splitter_2_1
INFO: [VRFC 10-2263] Analyzing Verilog file "E:/cd2/course_design_2/course_design_2.ip_user_files/bd/design_2/ip/design_2_carry_output_splitter_3_0/sim/design_2_carry_output_splitter_3_0.v" into library xil_defaultlib
INFO: [VRFC 10-311] analyzing module design_2_carry_output_splitter_3_0
INFO: [VRFC 10-2263] Analyzing Verilog file "E:/cd2/course_design_2/course_design_2.ip_user_files/bd/design_2/ip/design_2_xlconstant_0_6/sim/design_2_xlconstant_0_6.v" into library xil_defaultlib
INFO: [VRFC 10-311] analyzing module design_2_xlconstant_0_6
INFO: [VRFC 10-2263] Analyzing Verilog file "E:/cd2/course_design_2/course_design_2.ip_user_files/bd/design_2/ip/design_2_aggregator_4bit_0_5/sim/design_2_aggregator_4bit_0_5.v" into library xil_defaultlib
INFO: [VRFC 10-311] analyzing module design_2_aggregator_4bit_0_5
INFO: [VRFC 10-2263] Analyzing Verilog file "E:/cd2/course_design_2/course_design_2.ip_user_files/bd/design_2/ip/design_2_xlconstant_0_7/sim/design_2_xlconstant_0_7.v" into library xil_defaultlib
INFO: [VRFC 10-311] analyzing module design_2_xlconstant_0_7
INFO: [VRFC 10-2263] Analyzing Verilog file "E:/cd2/course_design_2/course_design_2.ip_user_files/bd/design_2/ip/design_2_alu_74181_0_2/sim/design_2_alu_74181_0_2.v" into library xil_defaultlib
INFO: [VRFC 10-311] analyzing module design_2_alu_74181_0_2
INFO: [VRFC 10-2263] Analyzing Verilog file "E:/cd2/course_design_2/course_design_2.ip_user_files/bd/design_2/ip/design_2_alu_74181_1_2/sim/design_2_alu_74181_1_2.v" into library xil_defaultlib
INFO: [VRFC 10-311] analyzing module design_2_alu_74181_1_2
INFO: [VRFC 10-2263] Analyzing Verilog file "E:/cd2/course_design_2/course_design_2.ip_user_files/bd/design_2/ip/design_2_alu_74181_2_0/sim/design_2_alu_74181_2_0.v" into library xil_defaultlib
INFO: [VRFC 10-311] analyzing module design_2_alu_74181_2_0
INFO: [VRFC 10-2263] Analyzing Verilog file "E:/cd2/course_design_2/course_design_2.ip_user_files/bd/design_2/ip/design_2_carry_lookahead_74182_0_0/sim/design_2_carry_lookahead_74182_0_0.v" into library xil_defaultlib
INFO: [VRFC 10-311] analyzing module design_2_carry_lookahead_74182_0_0
INFO: [VRFC 10-2263] Analyzing Verilog file "E:/cd2/course_design_2/course_design_2.ip_user_files/bd/design_2/ip/design_2_full_add_0_28/sim/design_2_full_add_0_28.v" into library xil_defaultlib
INFO: [VRFC 10-311] analyzing module design_2_full_add_0_28
INFO: [VRFC 10-2263] Analyzing Verilog file "E:/cd2/course_design_2/course_design_2.ip_user_files/bd/design_2/ip/design_2_and_gate_0_13/sim/design_2_and_gate_0_13.v" into library xil_defaultlib
INFO: [VRFC 10-311] analyzing module design_2_and_gate_0_13
INFO: [VRFC 10-2263] Analyzing Verilog file "E:/cd2/course_design_2/course_design_2.ip_user_files/bd/design_2/ip/design_2_full_add_0_16/sim/design_2_full_add_0_16.v" into library xil_defaultlib
INFO: [VRFC 10-311] analyzing module design_2_full_add_0_16
INFO: [VRFC 10-2263] Analyzing Verilog file "E:/cd2/course_design_2/course_design_2.ip_user_files/bd/design_2/ip/design_2_and_gate_0_1/sim/design_2_and_gate_0_1.v" into library xil_defaultlib
INFO: [VRFC 10-311] analyzing module design_2_and_gate_0_1
INFO: [VRFC 10-2263] Analyzing Verilog file "E:/cd2/course_design_2/course_design_2.ip_user_files/bd/design_2/ip/design_2_full_add_0_17/sim/design_2_full_add_0_17.v" into library xil_defaultlib
INFO: [VRFC 10-311] analyzing module design_2_full_add_0_17
INFO: [VRFC 10-2263] Analyzing Verilog file "E:/cd2/course_design_2/course_design_2.ip_user_files/bd/design_2/ip/design_2_and_gate_0_2/sim/design_2_and_gate_0_2.v" into library xil_defaultlib
INFO: [VRFC 10-311] analyzing module design_2_and_gate_0_2
INFO: [VRFC 10-2263] Analyzing Verilog file "E:/cd2/course_design_2/course_design_2.ip_user_files/bd/design_2/ip/design_2_full_add_0_29/sim/design_2_full_add_0_29.v" into library xil_defaultlib
INFO: [VRFC 10-311] analyzing module design_2_full_add_0_29
INFO: [VRFC 10-2263] Analyzing Verilog file "E:/cd2/course_design_2/course_design_2.ip_user_files/bd/design_2/ip/design_2_and_gate_0_14/sim/design_2_and_gate_0_14.v" into library xil_defaultlib
INFO: [VRFC 10-311] analyzing module design_2_and_gate_0_14
INFO: [VRFC 10-2263] Analyzing Verilog file "E:/cd2/course_design_2/course_design_2.ip_user_files/bd/design_2/ip/design_2_full_add_0_18/sim/design_2_full_add_0_18.v" into library xil_defaultlib
INFO: [VRFC 10-311] analyzing module design_2_full_add_0_18
INFO: [VRFC 10-2263] Analyzing Verilog file "E:/cd2/course_design_2/course_design_2.ip_user_files/bd/design_2/ip/design_2_and_gate_0_3/sim/design_2_and_gate_0_3.v" into library xil_defaultlib
INFO: [VRFC 10-311] analyzing module design_2_and_gate_0_3
INFO: [VRFC 10-2263] Analyzing Verilog file "E:/cd2/course_design_2/course_design_2.ip_user_files/bd/design_2/ip/design_2_full_add_0_19/sim/design_2_full_add_0_19.v" into library xil_defaultlib
INFO: [VRFC 10-311] analyzing module design_2_full_add_0_19
INFO: [VRFC 10-2263] Analyzing Verilog file "E:/cd2/course_design_2/course_design_2.ip_user_files/bd/design_2/ip/design_2_and_gate_0_4/sim/design_2_and_gate_0_4.v" into library xil_defaultlib
INFO: [VRFC 10-311] analyzing module design_2_and_gate_0_4
INFO: [VRFC 10-2263] Analyzing Verilog file "E:/cd2/course_design_2/course_design_2.ip_user_files/bd/design_2/ip/design_2_full_add_0_20/sim/design_2_full_add_0_20.v" into library xil_defaultlib
INFO: [VRFC 10-311] analyzing module design_2_full_add_0_20
INFO: [VRFC 10-2263] Analyzing Verilog file "E:/cd2/course_design_2/course_design_2.ip_user_files/bd/design_2/ip/design_2_and_gate_0_5/sim/design_2_and_gate_0_5.v" into library xil_defaultlib
INFO: [VRFC 10-311] analyzing module design_2_and_gate_0_5
INFO: [VRFC 10-2263] Analyzing Verilog file "E:/cd2/course_design_2/course_design_2.ip_user_files/bd/design_2/ip/design_2_full_add_0_21/sim/design_2_full_add_0_21.v" into library xil_defaultlib
INFO: [VRFC 10-311] analyzing module design_2_full_add_0_21
INFO: [VRFC 10-2263] Analyzing Verilog file "E:/cd2/course_design_2/course_design_2.ip_user_files/bd/design_2/ip/design_2_and_gate_0_6/sim/design_2_and_gate_0_6.v" into library xil_defaultlib
INFO: [VRFC 10-311] analyzing module design_2_and_gate_0_6
INFO: [VRFC 10-2263] Analyzing Verilog file "E:/cd2/course_design_2/course_design_2.ip_user_files/bd/design_2/ip/design_2_full_add_0_22/sim/design_2_full_add_0_22.v" into library xil_defaultlib
INFO: [VRFC 10-311] analyzing module design_2_full_add_0_22
INFO: [VRFC 10-2263] Analyzing Verilog file "E:/cd2/course_design_2/course_design_2.ip_user_files/bd/design_2/ip/design_2_and_gate_0_7/sim/design_2_and_gate_0_7.v" into library xil_defaultlib
INFO: [VRFC 10-311] analyzing module design_2_and_gate_0_7
INFO: [VRFC 10-2263] Analyzing Verilog file "E:/cd2/course_design_2/course_design_2.ip_user_files/bd/design_2/ip/design_2_full_add_0_23/sim/design_2_full_add_0_23.v" into library xil_defaultlib
INFO: [VRFC 10-311] analyzing module design_2_full_add_0_23
INFO: [VRFC 10-2263] Analyzing Verilog file "E:/cd2/course_design_2/course_design_2.ip_user_files/bd/design_2/ip/design_2_and_gate_0_8/sim/design_2_and_gate_0_8.v" into library xil_defaultlib
INFO: [VRFC 10-311] analyzing module design_2_and_gate_0_8
INFO: [VRFC 10-2263] Analyzing Verilog file "E:/cd2/course_design_2/course_design_2.ip_user_files/bd/design_2/ip/design_2_full_add_0_24/sim/design_2_full_add_0_24.v" into library xil_defaultlib
INFO: [VRFC 10-311] analyzing module design_2_full_add_0_24
INFO: [VRFC 10-2263] Analyzing Verilog file "E:/cd2/course_design_2/course_design_2.ip_user_files/bd/design_2/ip/design_2_and_gate_0_9/sim/design_2_and_gate_0_9.v" into library xil_defaultlib
INFO: [VRFC 10-311] analyzing module design_2_and_gate_0_9
INFO: [VRFC 10-2263] Analyzing Verilog file "E:/cd2/course_design_2/course_design_2.ip_user_files/bd/design_2/ip/design_2_full_add_0_25/sim/design_2_full_add_0_25.v" into library xil_defaultlib
INFO: [VRFC 10-311] analyzing module design_2_full_add_0_25
INFO: [VRFC 10-2263] Analyzing Verilog file "E:/cd2/course_design_2/course_design_2.ip_user_files/bd/design_2/ip/design_2_and_gate_0_10/sim/design_2_and_gate_0_10.v" into library xil_defaultlib
INFO: [VRFC 10-311] analyzing module design_2_and_gate_0_10
INFO: [VRFC 10-2263] Analyzing Verilog file "E:/cd2/course_design_2/course_design_2.ip_user_files/bd/design_2/ip/design_2_full_add_0_26/sim/design_2_full_add_0_26.v" into library xil_defaultlib
INFO: [VRFC 10-311] analyzing module design_2_full_add_0_26
INFO: [VRFC 10-2263] Analyzing Verilog file "E:/cd2/course_design_2/course_design_2.ip_user_files/bd/design_2/ip/design_2_and_gate_0_11/sim/design_2_and_gate_0_11.v" into library xil_defaultlib
INFO: [VRFC 10-311] analyzing module design_2_and_gate_0_11
INFO: [VRFC 10-2263] Analyzing Verilog file "E:/cd2/course_design_2/course_design_2.ip_user_files/bd/design_2/ip/design_2_full_add_0_27/sim/design_2_full_add_0_27.v" into library xil_defaultlib
INFO: [VRFC 10-311] analyzing module design_2_full_add_0_27
INFO: [VRFC 10-2263] Analyzing Verilog file "E:/cd2/course_design_2/course_design_2.ip_user_files/bd/design_2/ip/design_2_and_gate_0_12/sim/design_2_and_gate_0_12.v" into library xil_defaultlib
INFO: [VRFC 10-311] analyzing module design_2_and_gate_0_12
INFO: [VRFC 10-2263] Analyzing Verilog file "E:/cd2/course_design_2/course_design_2.ip_user_files/bd/design_2/ip/design_2_full_add_0_0/sim/design_2_full_add_0_0.v" into library xil_defaultlib
INFO: [VRFC 10-311] analyzing module design_2_full_add_0_0
INFO: [VRFC 10-2263] Analyzing Verilog file "E:/cd2/course_design_2/course_design_2.ip_user_files/bd/design_2/ip/design_2_and_gate_0_0/sim/design_2_and_gate_0_0.v" into library xil_defaultlib
INFO: [VRFC 10-311] analyzing module design_2_and_gate_0_0
INFO: [VRFC 10-2263] Analyzing Verilog file "E:/cd2/course_design_2/course_design_2.ip_user_files/bd/design_2/ip/design_2_full_add_0_30/sim/design_2_full_add_0_30.v" into library xil_defaultlib
INFO: [VRFC 10-311] analyzing module design_2_full_add_0_30
INFO: [VRFC 10-2263] Analyzing Verilog file "E:/cd2/course_design_2/course_design_2.ip_user_files/bd/design_2/ip/design_2_and_gate_0_15/sim/design_2_and_gate_0_15.v" into library xil_defaultlib
INFO: [VRFC 10-311] analyzing module design_2_and_gate_0_15
INFO: [VRFC 10-2263] Analyzing Verilog file "E:/cd2/course_design_2/course_design_2.ip_user_files/bd/design_2/ip/design_2_xlconstant_0_0/sim/design_2_xlconstant_0_0.v" into library xil_defaultlib
INFO: [VRFC 10-311] analyzing module design_2_xlconstant_0_0
INFO: [VRFC 10-2263] Analyzing Verilog file "E:/cd2/course_design_2/course_design_2.ip_user_files/bd/design_2/ip/design_2_xlconstant_0_1/sim/design_2_xlconstant_0_1.v" into library xil_defaultlib
INFO: [VRFC 10-311] analyzing module design_2_xlconstant_0_1
INFO: [VRFC 10-2263] Analyzing Verilog file "E:/cd2/course_design_2/course_design_2.ip_user_files/bd/design_2/ip/design_2_aggregator_4bit_0_0/sim/design_2_aggregator_4bit_0_0.v" into library xil_defaultlib
INFO: [VRFC 10-311] analyzing module design_2_aggregator_4bit_0_0
INFO: [VRFC 10-2263] Analyzing Verilog file "E:/cd2/course_design_2/course_design_2.ip_user_files/bd/design_2/ip/design_2_aggregator_4bit_0_1/sim/design_2_aggregator_4bit_0_1.v" into library xil_defaultlib
INFO: [VRFC 10-311] analyzing module design_2_aggregator_4bit_0_1
INFO: [VRFC 10-2263] Analyzing Verilog file "E:/cd2/course_design_2/course_design_2.ip_user_files/bd/design_2/ip/design_2_xlconstant_0_2/sim/design_2_xlconstant_0_2.v" into library xil_defaultlib
INFO: [VRFC 10-311] analyzing module design_2_xlconstant_0_2
INFO: [VRFC 10-2263] Analyzing Verilog file "E:/cd2/course_design_2/course_design_2.ip_user_files/bd/design_2/ip/design_2_xlconstant_0_3/sim/design_2_xlconstant_0_3.v" into library xil_defaultlib
INFO: [VRFC 10-311] analyzing module design_2_xlconstant_0_3
INFO: [VRFC 10-2263] Analyzing Verilog file "E:/cd2/course_design_2/course_design_2.ip_user_files/bd/design_2/ip/design_2_aggregator_4bit_2_0/sim/design_2_aggregator_4bit_2_0.v" into library xil_defaultlib
INFO: [VRFC 10-311] analyzing module design_2_aggregator_4bit_2_0
INFO: [VRFC 10-2263] Analyzing Verilog file "E:/cd2/course_design_2/course_design_2.ip_user_files/bd/design_2/ip/design_2_aggregator_4bit_3_0/sim/design_2_aggregator_4bit_3_0.v" into library xil_defaultlib
INFO: [VRFC 10-311] analyzing module design_2_aggregator_4bit_3_0
INFO: [VRFC 10-2263] Analyzing Verilog file "E:/cd2/course_design_2/course_design_2.ip_user_files/bd/design_2/ip/design_2_xlconstant_0_4/sim/design_2_xlconstant_0_4.v" into library xil_defaultlib
INFO: [VRFC 10-311] analyzing module design_2_xlconstant_0_4
INFO: [VRFC 10-2263] Analyzing Verilog file "E:/cd2/course_design_2/course_design_2.ip_user_files/bd/design_2/ip/design_2_alu_74181_0_0/sim/design_2_alu_74181_0_0.v" into library xil_defaultlib
INFO: [VRFC 10-311] analyzing module design_2_alu_74181_0_0
INFO: [VRFC 10-2263] Analyzing Verilog file "E:/cd2/course_design_2/course_design_2.ip_user_files/bd/design_2/ip/design_2_alu_74181_1_0/sim/design_2_alu_74181_1_0.v" into library xil_defaultlib
INFO: [VRFC 10-311] analyzing module design_2_alu_74181_1_0
INFO: [VRFC 10-2263] Analyzing Verilog file "E:/cd2/course_design_2/course_design_2.ip_user_files/bd/design_2/ip/design_2_aggregator_4bit_0_2/sim/design_2_aggregator_4bit_0_2.v" into library xil_defaultlib
INFO: [VRFC 10-311] analyzing module design_2_aggregator_4bit_0_2
INFO: [VRFC 10-2263] Analyzing Verilog file "E:/cd2/course_design_2/course_design_2.ip_user_files/bd/design_2/ip/design_2_full_add_0_31/sim/design_2_full_add_0_31.v" into library xil_defaultlib
INFO: [VRFC 10-311] analyzing module design_2_full_add_0_31
INFO: [VRFC 10-2263] Analyzing Verilog file "E:/cd2/course_design_2/course_design_2.ip_user_files/bd/design_2/ip/design_2_and_gate_0_16/sim/design_2_and_gate_0_16.v" into library xil_defaultlib
INFO: [VRFC 10-311] analyzing module design_2_and_gate_0_16
INFO: [VRFC 10-2263] Analyzing Verilog file "E:/cd2/course_design_2/course_design_2.ip_user_files/bd/design_2/ip/design_2_full_add_0_32/sim/design_2_full_add_0_32.v" into library xil_defaultlib
INFO: [VRFC 10-311] analyzing module design_2_full_add_0_32
INFO: [VRFC 10-2263] Analyzing Verilog file "E:/cd2/course_design_2/course_design_2.ip_user_files/bd/design_2/ip/design_2_and_gate_0_17/sim/design_2_and_gate_0_17.v" into library xil_defaultlib
INFO: [VRFC 10-311] analyzing module design_2_and_gate_0_17
INFO: [VRFC 10-2263] Analyzing Verilog file "E:/cd2/course_design_2/course_design_2.ip_user_files/bd/design_2/ip/design_2_full_add_0_33/sim/design_2_full_add_0_33.v" into library xil_defaultlib
INFO: [VRFC 10-311] analyzing module design_2_full_add_0_33
INFO: [VRFC 10-2263] Analyzing Verilog file "E:/cd2/course_design_2/course_design_2.ip_user_files/bd/design_2/ip/design_2_and_gate_0_18/sim/design_2_and_gate_0_18.v" into library xil_defaultlib
INFO: [VRFC 10-311] analyzing module design_2_and_gate_0_18
INFO: [VRFC 10-2263] Analyzing Verilog file "E:/cd2/course_design_2/course_design_2.ip_user_files/bd/design_2/ip/design_2_full_add_0_34/sim/design_2_full_add_0_34.v" into library xil_defaultlib
INFO: [VRFC 10-311] analyzing module design_2_full_add_0_34
INFO: [VRFC 10-2263] Analyzing Verilog file "E:/cd2/course_design_2/course_design_2.ip_user_files/bd/design_2/ip/design_2_and_gate_0_19/sim/design_2_and_gate_0_19.v" into library xil_defaultlib
INFO: [VRFC 10-311] analyzing module design_2_and_gate_0_19
INFO: [VRFC 10-2263] Analyzing Verilog file "E:/cd2/course_design_2/course_design_2.ip_user_files/bd/design_2/ip/design_2_full_add_0_35/sim/design_2_full_add_0_35.v" into library xil_defaultlib
INFO: [VRFC 10-311] analyzing module design_2_full_add_0_35
INFO: [VRFC 10-2263] Analyzing Verilog file "E:/cd2/course_design_2/course_design_2.ip_user_files/bd/design_2/ip/design_2_and_gate_0_20/sim/design_2_and_gate_0_20.v" into library xil_defaultlib
INFO: [VRFC 10-311] analyzing module design_2_and_gate_0_20
INFO: [VRFC 10-2263] Analyzing Verilog file "E:/cd2/course_design_2/course_design_2.ip_user_files/bd/design_2/ip/design_2_full_add_0_36/sim/design_2_full_add_0_36.v" into library xil_defaultlib
INFO: [VRFC 10-311] analyzing module design_2_full_add_0_36
INFO: [VRFC 10-2263] Analyzing Verilog file "E:/cd2/course_design_2/course_design_2.ip_user_files/bd/design_2/ip/design_2_and_gate_0_21/sim/design_2_and_gate_0_21.v" into library xil_defaultlib
INFO: [VRFC 10-311] analyzing module design_2_and_gate_0_21
INFO: [VRFC 10-2263] Analyzing Verilog file "E:/cd2/course_design_2/course_design_2.ip_user_files/bd/design_2/ip/design_2_full_add_0_37/sim/design_2_full_add_0_37.v" into library xil_defaultlib
INFO: [VRFC 10-311] analyzing module design_2_full_add_0_37
INFO: [VRFC 10-2263] Analyzing Verilog file "E:/cd2/course_design_2/course_design_2.ip_user_files/bd/design_2/ip/design_2_and_gate_0_22/sim/design_2_and_gate_0_22.v" into library xil_defaultlib
INFO: [VRFC 10-311] analyzing module design_2_and_gate_0_22
INFO: [VRFC 10-2263] Analyzing Verilog file "E:/cd2/course_design_2/course_design_2.ip_user_files/bd/design_2/ip/design_2_full_add_0_38/sim/design_2_full_add_0_38.v" into library xil_defaultlib
INFO: [VRFC 10-311] analyzing module design_2_full_add_0_38
INFO: [VRFC 10-2263] Analyzing Verilog file "E:/cd2/course_design_2/course_design_2.ip_user_files/bd/design_2/ip/design_2_and_gate_0_23/sim/design_2_and_gate_0_23.v" into library xil_defaultlib
INFO: [VRFC 10-311] analyzing module design_2_and_gate_0_23
INFO: [VRFC 10-2263] Analyzing Verilog file "E:/cd2/course_design_2/course_design_2.ip_user_files/bd/design_2/ip/design_2_full_add_0_39/sim/design_2_full_add_0_39.v" into library xil_defaultlib
INFO: [VRFC 10-311] analyzing module design_2_full_add_0_39
INFO: [VRFC 10-2263] Analyzing Verilog file "E:/cd2/course_design_2/course_design_2.ip_user_files/bd/design_2/ip/design_2_and_gate_0_24/sim/design_2_and_gate_0_24.v" into library xil_defaultlib
INFO: [VRFC 10-311] analyzing module design_2_and_gate_0_24
INFO: [VRFC 10-2263] Analyzing Verilog file "E:/cd2/course_design_2/course_design_2.ip_user_files/bd/design_2/ip/design_2_full_add_0_40/sim/design_2_full_add_0_40.v" into library xil_defaultlib
INFO: [VRFC 10-311] analyzing module design_2_full_add_0_40
INFO: [VRFC 10-2263] Analyzing Verilog file "E:/cd2/course_design_2/course_design_2.ip_user_files/bd/design_2/ip/design_2_and_gate_0_25/sim/design_2_and_gate_0_25.v" into library xil_defaultlib
INFO: [VRFC 10-311] analyzing module design_2_and_gate_0_25
INFO: [VRFC 10-2263] Analyzing Verilog file "E:/cd2/course_design_2/course_design_2.ip_user_files/bd/design_2/ip/design_2_full_add_0_41/sim/design_2_full_add_0_41.v" into library xil_defaultlib
INFO: [VRFC 10-311] analyzing module design_2_full_add_0_41
INFO: [VRFC 10-2263] Analyzing Verilog file "E:/cd2/course_design_2/course_design_2.ip_user_files/bd/design_2/ip/design_2_and_gate_0_26/sim/design_2_and_gate_0_26.v" into library xil_defaultlib
INFO: [VRFC 10-311] analyzing module design_2_and_gate_0_26
INFO: [VRFC 10-2263] Analyzing Verilog file "E:/cd2/course_design_2/course_design_2.ip_user_files/bd/design_2/ip/design_2_full_add_0_42/sim/design_2_full_add_0_42.v" into library xil_defaultlib
INFO: [VRFC 10-311] analyzing module design_2_full_add_0_42
INFO: [VRFC 10-2263] Analyzing Verilog file "E:/cd2/course_design_2/course_design_2.ip_user_files/bd/design_2/ip/design_2_and_gate_0_27/sim/design_2_and_gate_0_27.v" into library xil_defaultlib
INFO: [VRFC 10-311] analyzing module design_2_and_gate_0_27
INFO: [VRFC 10-2263] Analyzing Verilog file "E:/cd2/course_design_2/course_design_2.ip_user_files/bd/design_2/ip/design_2_full_add_0_43/sim/design_2_full_add_0_43.v" into library xil_defaultlib
INFO: [VRFC 10-311] analyzing module design_2_full_add_0_43
INFO: [VRFC 10-2263] Analyzing Verilog file "E:/cd2/course_design_2/course_design_2.ip_user_files/bd/design_2/ip/design_2_and_gate_0_28/sim/design_2_and_gate_0_28.v" into library xil_defaultlib
INFO: [VRFC 10-311] analyzing module design_2_and_gate_0_28
INFO: [VRFC 10-2263] Analyzing Verilog file "E:/cd2/course_design_2/course_design_2.ip_user_files/bd/design_2/ip/design_2_full_add_0_44/sim/design_2_full_add_0_44.v" into library xil_defaultlib
INFO: [VRFC 10-311] analyzing module design_2_full_add_0_44
INFO: [VRFC 10-2263] Analyzing Verilog file "E:/cd2/course_design_2/course_design_2.ip_user_files/bd/design_2/ip/design_2_and_gate_0_29/sim/design_2_and_gate_0_29.v" into library xil_defaultlib
INFO: [VRFC 10-311] analyzing module design_2_and_gate_0_29
INFO: [VRFC 10-2263] Analyzing Verilog file "E:/cd2/course_design_2/course_design_2.ip_user_files/bd/design_2/ip/design_2_full_add_0_45/sim/design_2_full_add_0_45.v" into library xil_defaultlib
INFO: [VRFC 10-311] analyzing module design_2_full_add_0_45
INFO: [VRFC 10-2263] Analyzing Verilog file "E:/cd2/course_design_2/course_design_2.ip_user_files/bd/design_2/ip/design_2_and_gate_0_30/sim/design_2_and_gate_0_30.v" into library xil_defaultlib
INFO: [VRFC 10-311] analyzing module design_2_and_gate_0_30
INFO: [VRFC 10-2263] Analyzing Verilog file "E:/cd2/course_design_2/course_design_2.ip_user_files/bd/design_2/ip/design_2_full_add_0_46/sim/design_2_full_add_0_46.v" into library xil_defaultlib
INFO: [VRFC 10-311] analyzing module design_2_full_add_0_46
INFO: [VRFC 10-2263] Analyzing Verilog file "E:/cd2/course_design_2/course_design_2.ip_user_files/bd/design_2/ip/design_2_and_gate_0_31/sim/design_2_and_gate_0_31.v" into library xil_defaultlib
INFO: [VRFC 10-311] analyzing module design_2_and_gate_0_31
INFO: [VRFC 10-2263] Analyzing Verilog file "E:/cd2/course_design_2/course_design_2.ip_user_files/bd/design_2/ip/design_2_xlconstant_0_5/sim/design_2_xlconstant_0_5.v" into library xil_defaultlib
INFO: [VRFC 10-311] analyzing module design_2_xlconstant_0_5
INFO: [VRFC 10-2263] Analyzing Verilog file "E:/cd2/course_design_2/course_design_2.ip_user_files/bd/design_2/ip/design_2_xlconstant_1_0/sim/design_2_xlconstant_1_0.v" into library xil_defaultlib
INFO: [VRFC 10-311] analyzing module design_2_xlconstant_1_0
INFO: [VRFC 10-2263] Analyzing Verilog file "E:/cd2/course_design_2/course_design_2.ip_user_files/bd/design_2/ip/design_2_aggregator_4bit_0_3/sim/design_2_aggregator_4bit_0_3.v" into library xil_defaultlib
INFO: [VRFC 10-311] analyzing module design_2_aggregator_4bit_0_3
INFO: [VRFC 10-2263] Analyzing Verilog file "E:/cd2/course_design_2/course_design_2.ip_user_files/bd/design_2/ip/design_2_aggregator_4bit_1_0/sim/design_2_aggregator_4bit_1_0.v" into library xil_defaultlib
INFO: [VRFC 10-311] analyzing module design_2_aggregator_4bit_1_0
INFO: [VRFC 10-2263] Analyzing Verilog file "E:/cd2/course_design_2/course_design_2.ip_user_files/bd/design_2/ip/design_2_xlconstant_2_0/sim/design_2_xlconstant_2_0.v" into library xil_defaultlib
INFO: [VRFC 10-311] analyzing module design_2_xlconstant_2_0
INFO: [VRFC 10-2263] Analyzing Verilog file "E:/cd2/course_design_2/course_design_2.ip_user_files/bd/design_2/ip/design_2_xlconstant_3_0/sim/design_2_xlconstant_3_0.v" into library xil_defaultlib
INFO: [VRFC 10-311] analyzing module design_2_xlconstant_3_0
INFO: [VRFC 10-2263] Analyzing Verilog file "E:/cd2/course_design_2/course_design_2.ip_user_files/bd/design_2/ip/design_2_aggregator_4bit_2_1/sim/design_2_aggregator_4bit_2_1.v" into library xil_defaultlib
INFO: [VRFC 10-311] analyzing module design_2_aggregator_4bit_2_1
INFO: [VRFC 10-2263] Analyzing Verilog file "E:/cd2/course_design_2/course_design_2.ip_user_files/bd/design_2/ip/design_2_aggregator_4bit_3_1/sim/design_2_aggregator_4bit_3_1.v" into library xil_defaultlib
INFO: [VRFC 10-311] analyzing module design_2_aggregator_4bit_3_1
INFO: [VRFC 10-2263] Analyzing Verilog file "E:/cd2/course_design_2/course_design_2.ip_user_files/bd/design_2/ip/design_2_xlconstant_4_0/sim/design_2_xlconstant_4_0.v" into library xil_defaultlib
INFO: [VRFC 10-311] analyzing module design_2_xlconstant_4_0
INFO: [VRFC 10-2263] Analyzing Verilog file "E:/cd2/course_design_2/course_design_2.ip_user_files/bd/design_2/ip/design_2_alu_74181_0_1/sim/design_2_alu_74181_0_1.v" into library xil_defaultlib
INFO: [VRFC 10-311] analyzing module design_2_alu_74181_0_1
INFO: [VRFC 10-2263] Analyzing Verilog file "E:/cd2/course_design_2/course_design_2.ip_user_files/bd/design_2/ip/design_2_alu_74181_1_1/sim/design_2_alu_74181_1_1.v" into library xil_defaultlib
INFO: [VRFC 10-311] analyzing module design_2_alu_74181_1_1
INFO: [VRFC 10-2263] Analyzing Verilog file "E:/cd2/course_design_2/course_design_2.ip_user_files/bd/design_2/ip/design_2_aggregator_4bit_0_4/sim/design_2_aggregator_4bit_0_4.v" into library xil_defaultlib
INFO: [VRFC 10-311] analyzing module design_2_aggregator_4bit_0_4
INFO: [VRFC 10-2263] Analyzing Verilog file "E:/cd2/course_design_2/course_design_2.ip_user_files/bd/design_2/ip/design_2_xlconstant_0_8/sim/design_2_xlconstant_0_8.v" into library xil_defaultlib
INFO: [VRFC 10-311] analyzing module design_2_xlconstant_0_8
INFO: [VRFC 10-2263] Analyzing Verilog file "E:/cd2/course_design_2/course_design_2.ip_user_files/bd/design_2/ip/design_2_aggregator_4bit_0_6/sim/design_2_aggregator_4bit_0_6.v" into library xil_defaultlib
INFO: [VRFC 10-311] analyzing module design_2_aggregator_4bit_0_6
INFO: [VRFC 10-2263] Analyzing Verilog file "E:/cd2/course_design_2/course_design_2.ip_user_files/bd/design_2/ip/design_2_xlconstant_1_1/sim/design_2_xlconstant_1_1.v" into library xil_defaultlib
INFO: [VRFC 10-311] analyzing module design_2_xlconstant_1_1
INFO: [VRFC 10-2263] Analyzing Verilog file "E:/cd2/course_design_2/course_design_2.ip_user_files/bd/design_2/ip/design_2_alu_74181_0_3/sim/design_2_alu_74181_0_3.v" into library xil_defaultlib
INFO: [VRFC 10-311] analyzing module design_2_alu_74181_0_3
INFO: [VRFC 10-2263] Analyzing Verilog file "E:/cd2/course_design_2/course_design_2.ip_user_files/bd/design_2/ip/design_2_alu_74181_1_3/sim/design_2_alu_74181_1_3.v" into library xil_defaultlib
INFO: [VRFC 10-311] analyzing module design_2_alu_74181_1_3
INFO: [VRFC 10-2263] Analyzing Verilog file "E:/cd2/course_design_2/course_design_2.ip_user_files/bd/design_2/ip/design_2_carry_lookahead_74182_0_1/sim/design_2_carry_lookahead_74182_0_1.v" into library xil_defaultlib
INFO: [VRFC 10-311] analyzing module design_2_carry_lookahead_74182_0_1
INFO: [VRFC 10-2263] Analyzing Verilog file "E:/cd2/course_design_2/course_design_2.ip_user_files/bd/design_2/ip/design_2_xor_gate_8bit_0_0/sim/design_2_xor_gate_8bit_0_0.v" into library xil_defaultlib
INFO: [VRFC 10-311] analyzing module design_2_xor_gate_8bit_0_0
INFO: [VRFC 10-2263] Analyzing Verilog file "E:/cd2/course_design_2/course_design_2.ip_user_files/bd/design_2/ip/design_2_xor_gate_8bit_0_1/sim/design_2_xor_gate_8bit_0_1.v" into library xil_defaultlib
INFO: [VRFC 10-311] analyzing module design_2_xor_gate_8bit_0_1
INFO: [VRFC 10-2263] Analyzing Verilog file "E:/cd2/course_design_2/course_design_2.ip_user_files/bd/design_2/ip/design_2_carry_output_splitter_4_0/sim/design_2_carry_output_splitter_4_0.v" into library xil_defaultlib
INFO: [VRFC 10-311] analyzing module design_2_carry_output_splitter_4_0
INFO: [VRFC 10-2263] Analyzing Verilog file "E:/cd2/course_design_2/course_design_2.ip_user_files/bd/design_2/ip/design_2_carry_output_splitter_5_0/sim/design_2_carry_output_splitter_5_0.v" into library xil_defaultlib
INFO: [VRFC 10-311] analyzing module design_2_carry_output_splitter_5_0
INFO: [VRFC 10-2263] Analyzing Verilog file "E:/cd2/course_design_2/course_design_2.ip_user_files/bd/design_2/ip/design_2_xlconstant_0_9/sim/design_2_xlconstant_0_9.v" into library xil_defaultlib
INFO: [VRFC 10-311] analyzing module design_2_xlconstant_0_9
INFO: [VRFC 10-2263] Analyzing Verilog file "E:/cd2/course_design_2/course_design_2.ip_user_files/bd/design_2/ip/design_2_aggregator_4bit_0_7/sim/design_2_aggregator_4bit_0_7.v" into library xil_defaultlib
INFO: [VRFC 10-311] analyzing module design_2_aggregator_4bit_0_7
INFO: [VRFC 10-2263] Analyzing Verilog file "E:/cd2/course_design_2/course_design_2.ip_user_files/bd/design_2/ip/design_2_xlconstant_1_2/sim/design_2_xlconstant_1_2.v" into library xil_defaultlib
INFO: [VRFC 10-311] analyzing module design_2_xlconstant_1_2
INFO: [VRFC 10-2263] Analyzing Verilog file "E:/cd2/course_design_2/course_design_2.ip_user_files/bd/design_2/ip/design_2_alu_74181_0_4/sim/design_2_alu_74181_0_4.v" into library xil_defaultlib
INFO: [VRFC 10-311] analyzing module design_2_alu_74181_0_4
INFO: [VRFC 10-2263] Analyzing Verilog file "E:/cd2/course_design_2/course_design_2.ip_user_files/bd/design_2/ip/design_2_alu_74181_1_4/sim/design_2_alu_74181_1_4.v" into library xil_defaultlib
INFO: [VRFC 10-311] analyzing module design_2_alu_74181_1_4
INFO: [VRFC 10-2263] Analyzing Verilog file "E:/cd2/course_design_2/course_design_2.ip_user_files/bd/design_2/ip/design_2_carry_lookahead_74182_0_2/sim/design_2_carry_lookahead_74182_0_2.v" into library xil_defaultlib
INFO: [VRFC 10-311] analyzing module design_2_carry_lookahead_74182_0_2
INFO: [VRFC 10-2263] Analyzing Verilog file "E:/cd2/course_design_2/course_design_2.ip_user_files/bd/design_2/ip/design_2_carry_output_splitter_6_0/sim/design_2_carry_output_splitter_6_0.v" into library xil_defaultlib
INFO: [VRFC 10-311] analyzing module design_2_carry_output_splitter_6_0
INFO: [VRFC 10-2263] Analyzing Verilog file "E:/cd2/course_design_2/course_design_2.ip_user_files/bd/design_2/ip/design_2_carry_output_splitter_7_0/sim/design_2_carry_output_splitter_7_0.v" into library xil_defaultlib
INFO: [VRFC 10-311] analyzing module design_2_carry_output_splitter_7_0
INFO: [VRFC 10-2263] Analyzing Verilog file "E:/cd2/course_design_2/course_design_2.ip_user_files/bd/design_2/ip/design_2_complement_16bit_con_0_0/sim/design_2_complement_16bit_con_0_0.v" into library xil_defaultlib
INFO: [VRFC 10-311] analyzing module design_2_complement_16bit_con_0_0
INFO: [VRFC 10-2263] Analyzing Verilog file "E:/cd2/course_design_2/course_design_2.ip_user_files/bd/design_2/ip/design_2_xor_gate_0_0/sim/design_2_xor_gate_0_0.v" into library xil_defaultlib
INFO: [VRFC 10-311] analyzing module design_2_xor_gate_0_0
INFO: [VRFC 10-2263] Analyzing Verilog file "E:/cd2/course_design_2/course_design_2.ip_user_files/bd/design_2/sim/design_2.v" into library xil_defaultlib
INFO: [VRFC 10-311] analyzing module ADD_imp_13CIO1Y
INFO: [VRFC 10-311] analyzing module ADD_imp_W2PF0F
INFO: [VRFC 10-311] analyzing module SUM1_imp_41GGAQ
INFO: [VRFC 10-311] analyzing module SUM_imp_1G8X8K
INFO: [VRFC 10-311] analyzing module SUM_imp_1HDWQYE
INFO: [VRFC 10-311] analyzing module addcell0_imp_1674IVR
INFO: [VRFC 10-311] analyzing module addcell0_imp_1RJLGGH
INFO: [VRFC 10-311] analyzing module addcell10_imp_1SRSEU0
INFO: [VRFC 10-311] analyzing module addcell10_imp_4CMKF
INFO: [VRFC 10-311] analyzing module addcell11_imp_1YHJ3H7
INFO: [VRFC 10-311] analyzing module addcell11_imp_6EJKOS
INFO: [VRFC 10-311] analyzing module addcell12_imp_1JD0ZOE
INFO: [VRFC 10-311] analyzing module addcell12_imp_CXH60P
INFO: [VRFC 10-311] analyzing module addcell13_imp_1LZHKNX
INFO: [VRFC 10-311] analyzing module addcell13_imp_G27COQ
INFO: [VRFC 10-311] analyzing module addcell14_imp_1E43ZTG
INFO: [VRFC 10-311] analyzing module addcell14_imp_PY3E43
INFO: [VRFC 10-311] analyzing module addcell15_imp_19H5I6V
INFO: [VRFC 10-311] analyzing module addcell15_imp_KSVDYO
INFO: [VRFC 10-311] analyzing module addcell1_imp_13SP9EC
INFO: [VRFC 10-311] analyzing module addcell1_imp_1VA8UDU
INFO: [VRFC 10-311] analyzing module addcell2_imp_1EQTX5D
INFO: [VRFC 10-311] analyzing module addcell2_imp_1KL6JH3
INFO: [VRFC 10-311] analyzing module addcell3_imp_18U55XU
INFO: [VRFC 10-311] analyzing module addcell3_imp_1P6W1G4
INFO: [VRFC 10-311] analyzing module addcell4_imp_1FB090D
INFO: [VRFC 10-311] analyzing module addcell4_imp_1IXIY6Z
INFO: [VRFC 10-311] analyzing module addcell5_imp_1CPSKPQ
INFO: [VRFC 10-311] analyzing module addcell5_imp_1MEQEOO
INFO: [VRFC 10-311] analyzing module addcell6_imp_15NIJ2Z
INFO: [VRFC 10-311] analyzing module addcell6_imp_1T7Z1NH
INFO: [VRFC 10-311] analyzing module addcell7_imp_1Y1PWM6
INFO: [VRFC 10-311] analyzing module addcell7_imp_ZWIUS8
INFO: [VRFC 10-311] analyzing module addcell8_imp_9XLY8F
INFO: [VRFC 10-311] analyzing module addcell8_imp_QBJ5VT
INFO: [VRFC 10-311] analyzing module addcell9_imp_EMIT3G
INFO: [VRFC 10-311] analyzing module addcell9_imp_KFP4UI
INFO: [VRFC 10-311] analyzing module design_2
INFO: [VRFC 10-311] analyzing module half_mul1_imp_18WDN1V
INFO: [VRFC 10-311] analyzing module half_mul_imp_MYNHT9
INFO: [VRFC 10-311] analyzing module zlcfq_imp_1RONBRO
INFO: [VRFC 10-311] analyzing module zlcfq_imp_6018Y7
INFO: [VRFC 10-311] analyzing module zlcfq_sixteen_imp_167OC20
INFO: [VRFC 10-2263] Analyzing Verilog file "E:/cd2/exp2/tb_test_project.v" into library xil_defaultlib
INFO: [VRFC 10-311] analyzing module tb_design_2
