#-----------------------------------------------------------
# Vivado v2024.2 (64-bit)
# SW Build 5239630 on Fri Nov 08 22:35:27 MST 2024
# IP Build 5239520 on Sun Nov 10 16:12:51 MST 2024
# SharedData Build 5239561 on Fri Nov 08 14:39:27 MST 2024
# Start of session at: Tue Dec 16 11:42:42 2025
# Process ID         : 21512
# Current directory  : D:/cd4/project_4
# Command line       : vivado.exe -gui_launcher_event rodinguilauncherevent17392 D:\cd4\project_4\project_4.xpr
# Log file           : D:/cd4/project_4/vivado.log
# Journal file       : D:/cd4/project_4\vivado.jou
# Running On         : jyx
# Platform           : Windows Server 2016 or Windows 10
# Operating System   : 22631
# Processor Detail   : 12th Gen Intel(R) Core(TM) i5-1240P
# CPU Frequency      : 2112 MHz
# CPU Physical cores : 12
# CPU Logical cores  : 16
# Host memory        : 16794 MB
# Swap memory        : 5100 MB
# Total Virtual      : 21894 MB
# Available Virtual  : 8112 MB
#-----------------------------------------------------------
start_gui
open_project D:/cd4/project_4/project_4.xpr
Scanning sources...
Finished scanning sources
INFO: [IP_Flow 19-234] Refreshing IP repositories
INFO: [IP_Flow 19-1700] Loaded user IP repository 'd:/ip_repo'.
INFO: [IP_Flow 19-2313] Loaded Vivado IP repository 'D:/Vivado/2024.2/data/ip'.
INFO: [Project 1-5579] Found utility IPs instantiated in one or more block designs which have equivalent inline hdl with improved performance and reduced diskspace. It is recommended to migrate these utility IPs to inline hdl using the command upgrade_project -migrate_to_inline_hdl. The utility IPs may be deprecated in future releases. More information on inline hdl is available in UG994.
open_project: Time (s): cpu = 00:00:06 ; elapsed = 00:00:45 . Memory (MB): peak = 1277.477 ; gain = 203.227
exit
INFO: [Common 17-206] Exiting Vivado at Tue Dec 16 11:46:13 2025...
