Copyright 1986-2022 Xilinx, Inc. All Rights Reserved. Copyright 2022-2024 Advanced Micro Devices, Inc. All Rights Reserved.
---------------------------------------------------------------------------------------------------------------------------------------------
| Tool Version : Vivado v.2024.2 (win64) Build 5239630 Fri Nov 08 22:35:27 MST 2024
| Date         : Fri Oct 10 11:20:33 2025
| Host         : jyx running 64-bit major release  (build 9200)
| Command      : report_utilization -file design_2_wrapper_utilization_placed.rpt -pb design_2_wrapper_utilization_placed.pb
| Design       : design_2_wrapper
| Device       : xc7z020clg400-1
| Speed File   : -1
| Design State : Fully Placed
---------------------------------------------------------------------------------------------------------------------------------------------

Utilization Design Information

Table of Contents
-----------------
1. Slice Logic
1.1 Summary of Registers by Type
2. Slice Logic Distribution
3. Memory
4. DSP
5. IO and GT Specific
6. Clocking
7. Specific Feature
8. Primitives
9. Black Boxes
10. Instantiated Netlists

1. Slice Logic
--------------

+----------------------------+------+-------+------------+-----------+-------+
|          Site Type         | Used | Fixed | Prohibited | Available | Util% |
+----------------------------+------+-------+------------+-----------+-------+
| Slice LUTs                 | 4333 |     0 |          0 |     53200 |  8.14 |
|   LUT as Logic             | 4095 |     0 |          0 |     53200 |  7.70 |
|   LUT as Memory            |  238 |     0 |          0 |     17400 |  1.37 |
|     LUT as Distributed RAM |   12 |     0 |            |           |       |
|     LUT as Shift Register  |  226 |     0 |            |           |       |
| Slice Registers            | 6557 |     0 |          0 |    106400 |  6.16 |
|   Register as Flip Flop    | 6557 |     0 |          0 |    106400 |  6.16 |
|   Register as Latch        |    0 |     0 |          0 |    106400 |  0.00 |
| F7 Muxes                   |   29 |     0 |          0 |     26600 |  0.11 |
| F8 Muxes                   |   11 |     0 |          0 |     13300 |  0.08 |
+----------------------------+------+-------+------------+-----------+-------+
* Warning! LUT value is adjusted to account for LUT combining.


1.1 Summary of Registers by Type
--------------------------------

+-------+--------------+-------------+--------------+
| Total | Clock Enable | Synchronous | Asynchronous |
+-------+--------------+-------------+--------------+
| 0     |            _ |           - |            - |
| 0     |            _ |           - |          Set |
| 0     |            _ |           - |        Reset |
| 0     |            _ |         Set |            - |
| 0     |            _ |       Reset |            - |
| 0     |          Yes |           - |            - |
| 33    |          Yes |           - |          Set |
| 69    |          Yes |           - |        Reset |
| 330   |          Yes |         Set |            - |
| 6125  |          Yes |       Reset |            - |
+-------+--------------+-------------+--------------+


2. Slice Logic Distribution
---------------------------

+--------------------------------------------+------+-------+------------+-----------+-------+
|                  Site Type                 | Used | Fixed | Prohibited | Available | Util% |
+--------------------------------------------+------+-------+------------+-----------+-------+
| Slice                                      | 2027 |     0 |          0 |     13300 | 15.24 |
|   SLICEL                                   | 1291 |     0 |            |           |       |
|   SLICEM                                   |  736 |     0 |            |           |       |
| LUT as Logic                               | 4095 |     0 |          0 |     53200 |  7.70 |
|   using O5 output only                     |    0 |       |            |           |       |
|   using O6 output only                     | 2997 |       |            |           |       |
|   using O5 and O6                          | 1098 |       |            |           |       |
| LUT as Memory                              |  238 |     0 |          0 |     17400 |  1.37 |
|   LUT as Distributed RAM                   |   12 |     0 |            |           |       |
|     using O5 output only                   |    0 |       |            |           |       |
|     using O6 output only                   |    0 |       |            |           |       |
|     using O5 and O6                        |   12 |       |            |           |       |
|   LUT as Shift Register                    |  226 |     0 |            |           |       |
|     using O5 output only                   |    4 |       |            |           |       |
|     using O6 output only                   |   97 |       |            |           |       |
|     using O5 and O6                        |  125 |       |            |           |       |
| Slice Registers                            | 6557 |     0 |          0 |    106400 |  6.16 |
|   Register driven from within the Slice    | 3179 |       |            |           |       |
|   Register driven from outside the Slice   | 3378 |       |            |           |       |
|     LUT in front of the register is unused | 2748 |       |            |           |       |
|     LUT in front of the register is used   |  630 |       |            |           |       |
| Unique Control Sets                        |  278 |       |          0 |     13300 |  2.09 |
+--------------------------------------------+------+-------+------------+-----------+-------+
* * Note: Available Control Sets calculated as Slice * 1, Review the Control Sets Report for more information regarding control sets.


3. Memory
---------

+-------------------+------+-------+------------+-----------+-------+
|     Site Type     | Used | Fixed | Prohibited | Available | Util% |
+-------------------+------+-------+------------+-----------+-------+
| Block RAM Tile    |    5 |     0 |          0 |       140 |  3.57 |
|   RAMB36/FIFO*    |    4 |     0 |          0 |       140 |  2.86 |
|     RAMB36E1 only |    4 |       |            |           |       |
|   RAMB18          |    2 |     0 |          0 |       280 |  0.71 |
|     RAMB18E1 only |    2 |       |            |           |       |
+-------------------+------+-------+------------+-----------+-------+
* Note: Each Block RAM Tile only has one FIFO logic available and therefore can accommodate only one FIFO36E1 or one FIFO18E1. However, if a FIFO18E1 occupies a Block RAM Tile, that tile can still accommodate a RAMB18E1


4. DSP
------

+-----------+------+-------+------------+-----------+-------+
| Site Type | Used | Fixed | Prohibited | Available | Util% |
+-----------+------+-------+------------+-----------+-------+
| DSPs      |    0 |     0 |          0 |       220 |  0.00 |
+-----------+------+-------+------------+-----------+-------+


5. IO and GT Specific
---------------------

+-----------------------------+------+-------+------------+-----------+-------+
|          Site Type          | Used | Fixed | Prohibited | Available | Util% |
+-----------------------------+------+-------+------------+-----------+-------+
| Bonded IOB                  |    0 |     0 |          0 |       125 |  0.00 |
| Bonded IPADs                |    0 |     0 |          0 |         2 |  0.00 |
| Bonded IOPADs               |    0 |     0 |          0 |       130 |  0.00 |
| PHY_CONTROL                 |    0 |     0 |          0 |         4 |  0.00 |
| PHASER_REF                  |    0 |     0 |          0 |         4 |  0.00 |
| OUT_FIFO                    |    0 |     0 |          0 |        16 |  0.00 |
| IN_FIFO                     |    0 |     0 |          0 |        16 |  0.00 |
| IDELAYCTRL                  |    0 |     0 |          0 |         4 |  0.00 |
| IBUFDS                      |    0 |     0 |          0 |       121 |  0.00 |
| PHASER_OUT/PHASER_OUT_PHY   |    0 |     0 |          0 |        16 |  0.00 |
| PHASER_IN/PHASER_IN_PHY     |    0 |     0 |          0 |        16 |  0.00 |
| IDELAYE2/IDELAYE2_FINEDELAY |    0 |     0 |          0 |       200 |  0.00 |
| ILOGIC                      |    0 |     0 |          0 |       125 |  0.00 |
| OLOGIC                      |    0 |     0 |          0 |       125 |  0.00 |
+-----------------------------+------+-------+------------+-----------+-------+


6. Clocking
-----------

+------------+------+-------+------------+-----------+-------+
|  Site Type | Used | Fixed | Prohibited | Available | Util% |
+------------+------+-------+------------+-----------+-------+
| BUFGCTRL   |    1 |     0 |          0 |        32 |  3.13 |
| BUFIO      |    0 |     0 |          0 |        16 |  0.00 |
| MMCME2_ADV |    0 |     0 |          0 |         4 |  0.00 |
| PLLE2_ADV  |    0 |     0 |          0 |         4 |  0.00 |
| BUFMRCE    |    0 |     0 |          0 |         8 |  0.00 |
| BUFHCE     |    0 |     0 |          0 |        72 |  0.00 |
| BUFR       |    0 |     0 |          0 |        16 |  0.00 |
+------------+------+-------+------------+-----------+-------+


7. Specific Feature
-------------------

+-------------+------+-------+------------+-----------+-------+
|  Site Type  | Used | Fixed | Prohibited | Available | Util% |
+-------------+------+-------+------------+-----------+-------+
| BSCANE2     |    0 |     0 |          0 |         4 |  0.00 |
| CAPTUREE2   |    0 |     0 |          0 |         1 |  0.00 |
| DNA_PORT    |    0 |     0 |          0 |         1 |  0.00 |
| EFUSE_USR   |    0 |     0 |          0 |         1 |  0.00 |
| FRAME_ECCE2 |    0 |     0 |          0 |         1 |  0.00 |
| ICAPE2      |    0 |     0 |          0 |         2 |  0.00 |
| STARTUPE2   |    0 |     0 |          0 |         1 |  0.00 |
| XADC        |    0 |     0 |          0 |         1 |  0.00 |
+-------------+------+-------+------------+-----------+-------+


8. Primitives
-------------

+----------+------+----------------------+
| Ref Name | Used |  Functional Category |
+----------+------+----------------------+
| FDRE     | 6125 |         Flop & Latch |
| LUT5     | 1163 |                  LUT |
| LUT3     | 1073 |                  LUT |
| LUT6     | 1024 |                  LUT |
| LUT2     |  933 |                  LUT |
| LUT4     |  836 |                  LUT |
| FDSE     |  330 |         Flop & Latch |
| SRL16E   |  304 |   Distributed Memory |
| LUT1     |  164 |                  LUT |
| BIBUF    |  130 |                   IO |
| CARRY4   |  108 |           CarryLogic |
| FDCE     |   69 |         Flop & Latch |
| SRLC32E  |   47 |   Distributed Memory |
| FDPE     |   33 |         Flop & Latch |
| MUXF7    |   29 |                MuxFx |
| RAMD32   |   18 |   Distributed Memory |
| MUXF8    |   11 |                MuxFx |
| RAMS32   |    6 |   Distributed Memory |
| RAMB36E1 |    4 |         Block Memory |
| RAMB18E1 |    2 |         Block Memory |
| PS7      |    1 | Specialized Resource |
| BUFG     |    1 |                Clock |
+----------+------+----------------------+


9. Black Boxes
--------------

+----------+------+
| Ref Name | Used |
+----------+------+


10. Instantiated Netlists
-------------------------

+------------------------------------+------+
|              Ref Name              | Used |
+------------------------------------+------+
| zlcfq_inst_1_full_add_0_9          |    1 |
| zlcfq_inst_1_full_add_0_8          |    1 |
| zlcfq_inst_1_full_add_0_7          |    1 |
| zlcfq_inst_1_full_add_0_6          |    1 |
| zlcfq_inst_1_full_add_0_5          |    1 |
| zlcfq_inst_1_full_add_0_4          |    1 |
| zlcfq_inst_1_full_add_0_3          |    1 |
| zlcfq_inst_1_full_add_0_2          |    1 |
| zlcfq_inst_1_full_add_0_15         |    1 |
| zlcfq_inst_1_full_add_0_14         |    1 |
| zlcfq_inst_1_full_add_0_13         |    1 |
| zlcfq_inst_1_full_add_0_12         |    1 |
| zlcfq_inst_1_full_add_0_11         |    1 |
| zlcfq_inst_1_full_add_0_10         |    1 |
| zlcfq_inst_1_full_add_0_1          |    1 |
| zlcfq_inst_1_full_add_0_0          |    1 |
| zlcfq_inst_1_and_gate_0_9          |    1 |
| zlcfq_inst_1_and_gate_0_8          |    1 |
| zlcfq_inst_1_and_gate_0_7          |    1 |
| zlcfq_inst_1_and_gate_0_6          |    1 |
| zlcfq_inst_1_and_gate_0_5          |    1 |
| zlcfq_inst_1_and_gate_0_4          |    1 |
| zlcfq_inst_1_and_gate_0_3          |    1 |
| zlcfq_inst_1_and_gate_0_2          |    1 |
| zlcfq_inst_1_and_gate_0_15         |    1 |
| zlcfq_inst_1_and_gate_0_14         |    1 |
| zlcfq_inst_1_and_gate_0_13         |    1 |
| zlcfq_inst_1_and_gate_0_12         |    1 |
| zlcfq_inst_1_and_gate_0_11         |    1 |
| zlcfq_inst_1_and_gate_0_10         |    1 |
| zlcfq_inst_1_and_gate_0_1          |    1 |
| zlcfq_inst_1_and_gate_0_0          |    1 |
| zlcfq_inst_0_full_add_0_9          |    1 |
| zlcfq_inst_0_full_add_0_8          |    1 |
| zlcfq_inst_0_full_add_0_7          |    1 |
| zlcfq_inst_0_full_add_0_6          |    1 |
| zlcfq_inst_0_full_add_0_5          |    1 |
| zlcfq_inst_0_full_add_0_4          |    1 |
| zlcfq_inst_0_full_add_0_3          |    1 |
| zlcfq_inst_0_full_add_0_2          |    1 |
| zlcfq_inst_0_full_add_0_15         |    1 |
| zlcfq_inst_0_full_add_0_14         |    1 |
| zlcfq_inst_0_full_add_0_13         |    1 |
| zlcfq_inst_0_full_add_0_12         |    1 |
| zlcfq_inst_0_full_add_0_11         |    1 |
| zlcfq_inst_0_full_add_0_10         |    1 |
| zlcfq_inst_0_full_add_0_1          |    1 |
| zlcfq_inst_0_full_add_0_0          |    1 |
| zlcfq_inst_0_and_gate_0_9          |    1 |
| zlcfq_inst_0_and_gate_0_8          |    1 |
| zlcfq_inst_0_and_gate_0_7          |    1 |
| zlcfq_inst_0_and_gate_0_6          |    1 |
| zlcfq_inst_0_and_gate_0_5          |    1 |
| zlcfq_inst_0_and_gate_0_4          |    1 |
| zlcfq_inst_0_and_gate_0_3          |    1 |
| zlcfq_inst_0_and_gate_0_2          |    1 |
| zlcfq_inst_0_and_gate_0_15         |    1 |
| zlcfq_inst_0_and_gate_0_14         |    1 |
| zlcfq_inst_0_and_gate_0_13         |    1 |
| zlcfq_inst_0_and_gate_0_12         |    1 |
| zlcfq_inst_0_and_gate_0_11         |    1 |
| zlcfq_inst_0_and_gate_0_10         |    1 |
| zlcfq_inst_0_and_gate_0_1          |    1 |
| zlcfq_inst_0_and_gate_0_0          |    1 |
| design_2_xor_gate_8bit_0_1         |    1 |
| design_2_xor_gate_8bit_0_0         |    1 |
| design_2_xor_gate_0_0              |    1 |
| design_2_full_add_0_46             |    1 |
| design_2_full_add_0_45             |    1 |
| design_2_full_add_0_44             |    1 |
| design_2_full_add_0_43             |    1 |
| design_2_full_add_0_42             |    1 |
| design_2_full_add_0_41             |    1 |
| design_2_full_add_0_40             |    1 |
| design_2_full_add_0_39             |    1 |
| design_2_full_add_0_38             |    1 |
| design_2_full_add_0_37             |    1 |
| design_2_full_add_0_36             |    1 |
| design_2_full_add_0_35             |    1 |
| design_2_full_add_0_34             |    1 |
| design_2_full_add_0_33             |    1 |
| design_2_full_add_0_32             |    1 |
| design_2_full_add_0_31             |    1 |
| design_2_full_add_0_30             |    1 |
| design_2_full_add_0_29             |    1 |
| design_2_full_add_0_28             |    1 |
| design_2_full_add_0_27             |    1 |
| design_2_full_add_0_26             |    1 |
| design_2_full_add_0_25             |    1 |
| design_2_full_add_0_24             |    1 |
| design_2_full_add_0_23             |    1 |
| design_2_full_add_0_22             |    1 |
| design_2_full_add_0_21             |    1 |
| design_2_full_add_0_20             |    1 |
| design_2_full_add_0_19             |    1 |
| design_2_full_add_0_18             |    1 |
| design_2_full_add_0_17             |    1 |
| design_2_full_add_0_16             |    1 |
| design_2_full_add_0_0              |    1 |
| design_2_complement_16bit_con_0_0  |    1 |
| design_2_cg_fpga_0_0               |    1 |
| design_2_carry_output_splitter_7_0 |    1 |
| design_2_carry_output_splitter_6_0 |    1 |
| design_2_carry_output_splitter_5_0 |    1 |
| design_2_carry_output_splitter_4_0 |    1 |
| design_2_carry_output_splitter_3_0 |    1 |
| design_2_carry_output_splitter_2_1 |    1 |
| design_2_carry_output_splitter_1_1 |    1 |
| design_2_carry_output_splitter_0_1 |    1 |
| design_2_carry_lookahead_74182_0_2 |    1 |
| design_2_carry_lookahead_74182_0_1 |    1 |
| design_2_carry_lookahead_74182_0_0 |    1 |
| design_2_and_gate_0_9              |    1 |
| design_2_and_gate_0_8              |    1 |
| design_2_and_gate_0_7              |    1 |
| design_2_and_gate_0_6              |    1 |
| design_2_and_gate_0_5              |    1 |
| design_2_and_gate_0_4              |    1 |
| design_2_and_gate_0_31             |    1 |
| design_2_and_gate_0_30             |    1 |
| design_2_and_gate_0_3              |    1 |
| design_2_and_gate_0_29             |    1 |
| design_2_and_gate_0_28             |    1 |
| design_2_and_gate_0_27             |    1 |
| design_2_and_gate_0_26             |    1 |
| design_2_and_gate_0_25             |    1 |
| design_2_and_gate_0_24             |    1 |
| design_2_and_gate_0_23             |    1 |
| design_2_and_gate_0_22             |    1 |
| design_2_and_gate_0_21             |    1 |
| design_2_and_gate_0_20             |    1 |
| design_2_and_gate_0_2              |    1 |
| design_2_and_gate_0_19             |    1 |
| design_2_and_gate_0_18             |    1 |
| design_2_and_gate_0_17             |    1 |
| design_2_and_gate_0_16             |    1 |
| design_2_and_gate_0_15             |    1 |
| design_2_and_gate_0_14             |    1 |
| design_2_and_gate_0_13             |    1 |
| design_2_and_gate_0_12             |    1 |
| design_2_and_gate_0_11             |    1 |
| design_2_and_gate_0_10             |    1 |
| design_2_and_gate_0_1              |    1 |
| design_2_and_gate_0_0              |    1 |
| design_2_alu_74181_2_0             |    1 |
| design_2_alu_74181_1_4             |    1 |
| design_2_alu_74181_1_3             |    1 |
| design_2_alu_74181_1_2             |    1 |
| design_2_alu_74181_1_1             |    1 |
| design_2_alu_74181_1_0             |    1 |
| design_2_alu_74181_0_4             |    1 |
| design_2_alu_74181_0_3             |    1 |
| design_2_alu_74181_0_2             |    1 |
| design_2_alu_74181_0_1             |    1 |
| design_2_alu_74181_0_0             |    1 |
| design_2_aggregator_4bit_3_1       |    1 |
| design_2_aggregator_4bit_3_0       |    1 |
| design_2_aggregator_4bit_2_1       |    1 |
| design_2_aggregator_4bit_2_0       |    1 |
| design_2_aggregator_4bit_1_0       |    1 |
| design_2_aggregator_4bit_0_7       |    1 |
| design_2_aggregator_4bit_0_6       |    1 |
| design_2_aggregator_4bit_0_5       |    1 |
| design_2_aggregator_4bit_0_4       |    1 |
| design_2_aggregator_4bit_0_3       |    1 |
| design_2_aggregator_4bit_0_2       |    1 |
| design_2_aggregator_4bit_0_1       |    1 |
| design_2_aggregator_4bit_0_0       |    1 |
| design_2_adpt_out_16bit_0_0        |    1 |
| design_2_adpt_in_1_0               |    1 |
| design_2_adpt_in_0_2               |    1 |
+------------------------------------+------+


