#-----------------------------------------------------------
# Vivado v2024.2 (64-bit)
# SW Build 5239630 on Fri Nov 08 22:35:27 MST 2024
# IP Build 5239520 on Sun Nov 10 16:12:51 MST 2024
# SharedData Build 5239561 on Fri Nov 08 14:39:27 MST 2024
# Start of session at: Tue Aug  5 10:11:13 2025
# Process ID         : 28092
# Current directory  : D:/jzy/lab4/project_4
# Command line       : vivado.exe -gui_launcher_event rodinguilauncherevent22232 D:\jzy\lab4\project_4\project_4.xpr
# Log file           : D:/jzy/lab4/project_4/vivado.log
# Journal file       : D:/jzy/lab4/project_4\vivado.jou
# Running On         : jyx
# Platform           : Windows Server 2016 or Windows 10
# Operating System   : 22631
# Processor Detail   : 12th Gen Intel(R) Core(TM) i5-1240P
# CPU Frequency      : 2112 MHz
# CPU Physical cores : 12
# CPU Logical cores  : 16
# Host memory        : 16794 MB
# Swap memory        : 1088 MB
# Total Virtual      : 17883 MB
# Available Virtual  : 2562 MB
#-----------------------------------------------------------
start_gui
open_project D:/jzy/lab4/project_4/project_4.xpr
INFO: [Project 1-313] Project file moved from 'D:/lab4/project_4' since last save.
Scanning sources...
Finished scanning sources
INFO: [IP_Flow 19-234] Refreshing IP repositories
INFO: [IP_Flow 19-1700] Loaded user IP repository 'd:/jzy/ip_repo/ip_repo'.
INFO: [IP_Flow 19-2313] Loaded Vivado IP repository 'D:/Vivado/2024.2/data/ip'.
open_project: Time (s): cpu = 00:00:06 ; elapsed = 00:00:56 . Memory (MB): peak = 1340.434 ; gain = 263.164
update_compile_order -fileset sources_1
open_bd_design {D:/jzy/lab4/design_4/design_4.bd}
Reading block design file <D:/jzy/lab4/design_4/design_4.bd>...
Adding component instance block -- educg.net:user:cg_fpga:1.4 - cg_fpga_0
Adding component instance block -- xilinx.com:module_ref:adpt_in:1.0 - adpt_in_0
Adding component instance block -- xilinx.com:module_ref:adpt_out:1.0 - adpt_out_0
Adding component instance block -- xilinx.com:module_ref:xor2:1.0 - xor2_0
Adding component instance block -- xilinx.com:module_ref:xor2:1.0 - xor2_1
Adding component instance block -- xilinx.com:module_ref:xor2:1.0 - xor2_2
Adding component instance block -- xilinx.com:module_ref:m7482:1.0 - m7482_0
Adding component instance block -- xilinx.com:module_ref:m7482:1.0 - m7482_1
Adding component instance block -- xilinx.com:module_ref:xor2:1.0 - xor2_3
Adding component instance block -- xilinx.com:module_ref:xor2:1.0 - xor2_0
Adding component instance block -- xilinx.com:module_ref:xor2:1.0 - xor2_1
Adding component instance block -- xilinx.com:module_ref:xor2:1.0 - xor2_2
Adding component instance block -- xilinx.com:module_ref:m7482:1.0 - m7482_0
Adding component instance block -- xilinx.com:module_ref:m7482:1.0 - m7482_1
Adding component instance block -- xilinx.com:module_ref:xor2:1.0 - xor2_3
Successfully read diagram <design_4> from block design file <D:/jzy/lab4/design_4/design_4.bd>
open_bd_design: Time (s): cpu = 00:00:04 ; elapsed = 00:00:17 . Memory (MB): peak = 1498.582 ; gain = 139.242
exit
INFO: [Common 17-206] Exiting Vivado at Tue Aug  5 10:21:58 2025...
