Copyright 1986-2022 Xilinx, Inc. All Rights Reserved. Copyright 2022-2024 Advanced Micro Devices, Inc. All Rights Reserved.
---------------------------------------------------------------------------------------------------------------------------------------------
| Tool Version : Vivado v.2024.2 (win64) Build 5239630 Fri Nov 08 22:35:27 MST 2024
| Date         : Fri Oct 10 11:19:19 2025
| Host         : jyx running 64-bit major release  (build 9200)
| Command      : report_utilization -file design_2_wrapper_utilization_synth.rpt -pb design_2_wrapper_utilization_synth.pb
| Design       : design_2_wrapper
| Device       : xc7z020clg400-1
| Speed File   : -1
| Design State : Synthesized
---------------------------------------------------------------------------------------------------------------------------------------------

Utilization Design Information

Table of Contents
-----------------
1. Slice Logic
1.1 Summary of Registers by Type
2. Memory
3. DSP
4. IO and GT Specific
5. Clocking
6. Specific Feature
7. Primitives
8. Black Boxes
9. Instantiated Netlists

1. Slice Logic
--------------

+-------------------------+------+-------+------------+-----------+-------+
|        Site Type        | Used | Fixed | Prohibited | Available | Util% |
+-------------------------+------+-------+------------+-----------+-------+
| Slice LUTs*             |    0 |     0 |          0 |     53200 |  0.00 |
|   LUT as Logic          |    0 |     0 |          0 |     53200 |  0.00 |
|   LUT as Memory         |    0 |     0 |          0 |     17400 |  0.00 |
| Slice Registers         |    0 |     0 |          0 |    106400 |  0.00 |
|   Register as Flip Flop |    0 |     0 |          0 |    106400 |  0.00 |
|   Register as Latch     |    0 |     0 |          0 |    106400 |  0.00 |
| F7 Muxes                |    0 |     0 |          0 |     26600 |  0.00 |
| F8 Muxes                |    0 |     0 |          0 |     13300 |  0.00 |
+-------------------------+------+-------+------------+-----------+-------+
* Warning! The Final LUT count, after physical optimizations and full implementation, is typically lower. Run opt_design after synthesis, if not already completed, for a more realistic count.
Warning! LUT value is adjusted to account for LUT combining.
Warning! For any ECO changes, please run place_design if there are unplaced instances


1.1 Summary of Registers by Type
--------------------------------

+-------+--------------+-------------+--------------+
| Total | Clock Enable | Synchronous | Asynchronous |
+-------+--------------+-------------+--------------+
| 0     |            _ |           - |            - |
| 0     |            _ |           - |          Set |
| 0     |            _ |           - |        Reset |
| 0     |            _ |         Set |            - |
| 0     |            _ |       Reset |            - |
| 0     |          Yes |           - |            - |
| 0     |          Yes |           - |          Set |
| 0     |          Yes |           - |        Reset |
| 0     |          Yes |         Set |            - |
| 0     |          Yes |       Reset |            - |
+-------+--------------+-------------+--------------+


2. Memory
---------

+----------------+------+-------+------------+-----------+-------+
|    Site Type   | Used | Fixed | Prohibited | Available | Util% |
+----------------+------+-------+------------+-----------+-------+
| Block RAM Tile |    0 |     0 |          0 |       140 |  0.00 |
|   RAMB36/FIFO* |    0 |     0 |          0 |       140 |  0.00 |
|   RAMB18       |    0 |     0 |          0 |       280 |  0.00 |
+----------------+------+-------+------------+-----------+-------+
* Note: Each Block RAM Tile only has one FIFO logic available and therefore can accommodate only one FIFO36E1 or one FIFO18E1. However, if a FIFO18E1 occupies a Block RAM Tile, that tile can still accommodate a RAMB18E1


3. DSP
------

+-----------+------+-------+------------+-----------+-------+
| Site Type | Used | Fixed | Prohibited | Available | Util% |
+-----------+------+-------+------------+-----------+-------+
| DSPs      |    0 |     0 |          0 |       220 |  0.00 |
+-----------+------+-------+------------+-----------+-------+


4. IO and GT Specific
---------------------

+-----------------------------+------+-------+------------+-----------+-------+
|          Site Type          | Used | Fixed | Prohibited | Available | Util% |
+-----------------------------+------+-------+------------+-----------+-------+
| Bonded IOB                  |    0 |     0 |          0 |       125 |  0.00 |
| Bonded IPADs                |    0 |     0 |          0 |         2 |  0.00 |
| Bonded IOPADs               |    0 |     0 |          0 |       130 |  0.00 |
| PHY_CONTROL                 |    0 |     0 |          0 |         4 |  0.00 |
| PHASER_REF                  |    0 |     0 |          0 |         4 |  0.00 |
| OUT_FIFO                    |    0 |     0 |          0 |        16 |  0.00 |
| IN_FIFO                     |    0 |     0 |          0 |        16 |  0.00 |
| IDELAYCTRL                  |    0 |     0 |          0 |         4 |  0.00 |
| IBUFDS                      |    0 |     0 |          0 |       121 |  0.00 |
| PHASER_OUT/PHASER_OUT_PHY   |    0 |     0 |          0 |        16 |  0.00 |
| PHASER_IN/PHASER_IN_PHY     |    0 |     0 |          0 |        16 |  0.00 |
| IDELAYE2/IDELAYE2_FINEDELAY |    0 |     0 |          0 |       200 |  0.00 |
| ILOGIC                      |    0 |     0 |          0 |       125 |  0.00 |
| OLOGIC                      |    0 |     0 |          0 |       125 |  0.00 |
+-----------------------------+------+-------+------------+-----------+-------+


5. Clocking
-----------

+------------+------+-------+------------+-----------+-------+
|  Site Type | Used | Fixed | Prohibited | Available | Util% |
+------------+------+-------+------------+-----------+-------+
| BUFGCTRL   |    0 |     0 |          0 |        32 |  0.00 |
| BUFIO      |    0 |     0 |          0 |        16 |  0.00 |
| MMCME2_ADV |    0 |     0 |          0 |         4 |  0.00 |
| PLLE2_ADV  |    0 |     0 |          0 |         4 |  0.00 |
| BUFMRCE    |    0 |     0 |          0 |         8 |  0.00 |
| BUFHCE     |    0 |     0 |          0 |        72 |  0.00 |
| BUFR       |    0 |     0 |          0 |        16 |  0.00 |
+------------+------+-------+------------+-----------+-------+


6. Specific Feature
-------------------

+-------------+------+-------+------------+-----------+-------+
|  Site Type  | Used | Fixed | Prohibited | Available | Util% |
+-------------+------+-------+------------+-----------+-------+
| BSCANE2     |    0 |     0 |          0 |         4 |  0.00 |
| CAPTUREE2   |    0 |     0 |          0 |         1 |  0.00 |
| DNA_PORT    |    0 |     0 |          0 |         1 |  0.00 |
| EFUSE_USR   |    0 |     0 |          0 |         1 |  0.00 |
| FRAME_ECCE2 |    0 |     0 |          0 |         1 |  0.00 |
| ICAPE2      |    0 |     0 |          0 |         2 |  0.00 |
| STARTUPE2   |    0 |     0 |          0 |         1 |  0.00 |
| XADC        |    0 |     0 |          0 |         1 |  0.00 |
+-------------+------+-------+------------+-----------+-------+


7. Primitives
-------------

+----------+------+---------------------+
| Ref Name | Used | Functional Category |
+----------+------+---------------------+


8. Black Boxes
--------------

+------------------------------------+------+
|              Ref Name              | Used |
+------------------------------------+------+
| zlcfq_inst_1_full_add_0_9          |    1 |
| zlcfq_inst_1_full_add_0_8          |    1 |
| zlcfq_inst_1_full_add_0_7          |    1 |
| zlcfq_inst_1_full_add_0_6          |    1 |
| zlcfq_inst_1_full_add_0_5          |    1 |
| zlcfq_inst_1_full_add_0_4          |    1 |
| zlcfq_inst_1_full_add_0_3          |    1 |
| zlcfq_inst_1_full_add_0_2          |    1 |
| zlcfq_inst_1_full_add_0_15         |    1 |
| zlcfq_inst_1_full_add_0_14         |    1 |
| zlcfq_inst_1_full_add_0_13         |    1 |
| zlcfq_inst_1_full_add_0_12         |    1 |
| zlcfq_inst_1_full_add_0_11         |    1 |
| zlcfq_inst_1_full_add_0_10         |    1 |
| zlcfq_inst_1_full_add_0_1          |    1 |
| zlcfq_inst_1_full_add_0_0          |    1 |
| zlcfq_inst_1_and_gate_0_9          |    1 |
| zlcfq_inst_1_and_gate_0_8          |    1 |
| zlcfq_inst_1_and_gate_0_7          |    1 |
| zlcfq_inst_1_and_gate_0_6          |    1 |
| zlcfq_inst_1_and_gate_0_5          |    1 |
| zlcfq_inst_1_and_gate_0_4          |    1 |
| zlcfq_inst_1_and_gate_0_3          |    1 |
| zlcfq_inst_1_and_gate_0_2          |    1 |
| zlcfq_inst_1_and_gate_0_15         |    1 |
| zlcfq_inst_1_and_gate_0_14         |    1 |
| zlcfq_inst_1_and_gate_0_13         |    1 |
| zlcfq_inst_1_and_gate_0_12         |    1 |
| zlcfq_inst_1_and_gate_0_11         |    1 |
| zlcfq_inst_1_and_gate_0_10         |    1 |
| zlcfq_inst_1_and_gate_0_1          |    1 |
| zlcfq_inst_1_and_gate_0_0          |    1 |
| zlcfq_inst_0_full_add_0_9          |    1 |
| zlcfq_inst_0_full_add_0_8          |    1 |
| zlcfq_inst_0_full_add_0_7          |    1 |
| zlcfq_inst_0_full_add_0_6          |    1 |
| zlcfq_inst_0_full_add_0_5          |    1 |
| zlcfq_inst_0_full_add_0_4          |    1 |
| zlcfq_inst_0_full_add_0_3          |    1 |
| zlcfq_inst_0_full_add_0_2          |    1 |
| zlcfq_inst_0_full_add_0_15         |    1 |
| zlcfq_inst_0_full_add_0_14         |    1 |
| zlcfq_inst_0_full_add_0_13         |    1 |
| zlcfq_inst_0_full_add_0_12         |    1 |
| zlcfq_inst_0_full_add_0_11         |    1 |
| zlcfq_inst_0_full_add_0_10         |    1 |
| zlcfq_inst_0_full_add_0_1          |    1 |
| zlcfq_inst_0_full_add_0_0          |    1 |
| zlcfq_inst_0_and_gate_0_9          |    1 |
| zlcfq_inst_0_and_gate_0_8          |    1 |
| zlcfq_inst_0_and_gate_0_7          |    1 |
| zlcfq_inst_0_and_gate_0_6          |    1 |
| zlcfq_inst_0_and_gate_0_5          |    1 |
| zlcfq_inst_0_and_gate_0_4          |    1 |
| zlcfq_inst_0_and_gate_0_3          |    1 |
| zlcfq_inst_0_and_gate_0_2          |    1 |
| zlcfq_inst_0_and_gate_0_15         |    1 |
| zlcfq_inst_0_and_gate_0_14         |    1 |
| zlcfq_inst_0_and_gate_0_13         |    1 |
| zlcfq_inst_0_and_gate_0_12         |    1 |
| zlcfq_inst_0_and_gate_0_11         |    1 |
| zlcfq_inst_0_and_gate_0_10         |    1 |
| zlcfq_inst_0_and_gate_0_1          |    1 |
| zlcfq_inst_0_and_gate_0_0          |    1 |
| design_2_xor_gate_8bit_0_1         |    1 |
| design_2_xor_gate_8bit_0_0         |    1 |
| design_2_xor_gate_0_0              |    1 |
| design_2_full_add_0_46             |    1 |
| design_2_full_add_0_45             |    1 |
| design_2_full_add_0_44             |    1 |
| design_2_full_add_0_43             |    1 |
| design_2_full_add_0_42             |    1 |
| design_2_full_add_0_41             |    1 |
| design_2_full_add_0_40             |    1 |
| design_2_full_add_0_39             |    1 |
| design_2_full_add_0_38             |    1 |
| design_2_full_add_0_37             |    1 |
| design_2_full_add_0_36             |    1 |
| design_2_full_add_0_35             |    1 |
| design_2_full_add_0_34             |    1 |
| design_2_full_add_0_33             |    1 |
| design_2_full_add_0_32             |    1 |
| design_2_full_add_0_31             |    1 |
| design_2_full_add_0_30             |    1 |
| design_2_full_add_0_29             |    1 |
| design_2_full_add_0_28             |    1 |
| design_2_full_add_0_27             |    1 |
| design_2_full_add_0_26             |    1 |
| design_2_full_add_0_25             |    1 |
| design_2_full_add_0_24             |    1 |
| design_2_full_add_0_23             |    1 |
| design_2_full_add_0_22             |    1 |
| design_2_full_add_0_21             |    1 |
| design_2_full_add_0_20             |    1 |
| design_2_full_add_0_19             |    1 |
| design_2_full_add_0_18             |    1 |
| design_2_full_add_0_17             |    1 |
| design_2_full_add_0_16             |    1 |
| design_2_full_add_0_0              |    1 |
| design_2_complement_16bit_con_0_0  |    1 |
| design_2_cg_fpga_0_0               |    1 |
| design_2_carry_output_splitter_7_0 |    1 |
| design_2_carry_output_splitter_6_0 |    1 |
| design_2_carry_output_splitter_5_0 |    1 |
| design_2_carry_output_splitter_4_0 |    1 |
| design_2_carry_output_splitter_3_0 |    1 |
| design_2_carry_output_splitter_2_1 |    1 |
| design_2_carry_output_splitter_1_1 |    1 |
| design_2_carry_output_splitter_0_1 |    1 |
| design_2_carry_lookahead_74182_0_2 |    1 |
| design_2_carry_lookahead_74182_0_1 |    1 |
| design_2_carry_lookahead_74182_0_0 |    1 |
| design_2_and_gate_0_9              |    1 |
| design_2_and_gate_0_8              |    1 |
| design_2_and_gate_0_7              |    1 |
| design_2_and_gate_0_6              |    1 |
| design_2_and_gate_0_5              |    1 |
| design_2_and_gate_0_4              |    1 |
| design_2_and_gate_0_31             |    1 |
| design_2_and_gate_0_30             |    1 |
| design_2_and_gate_0_3              |    1 |
| design_2_and_gate_0_29             |    1 |
| design_2_and_gate_0_28             |    1 |
| design_2_and_gate_0_27             |    1 |
| design_2_and_gate_0_26             |    1 |
| design_2_and_gate_0_25             |    1 |
| design_2_and_gate_0_24             |    1 |
| design_2_and_gate_0_23             |    1 |
| design_2_and_gate_0_22             |    1 |
| design_2_and_gate_0_21             |    1 |
| design_2_and_gate_0_20             |    1 |
| design_2_and_gate_0_2              |    1 |
| design_2_and_gate_0_19             |    1 |
| design_2_and_gate_0_18             |    1 |
| design_2_and_gate_0_17             |    1 |
| design_2_and_gate_0_16             |    1 |
| design_2_and_gate_0_15             |    1 |
| design_2_and_gate_0_14             |    1 |
| design_2_and_gate_0_13             |    1 |
| design_2_and_gate_0_12             |    1 |
| design_2_and_gate_0_11             |    1 |
| design_2_and_gate_0_10             |    1 |
| design_2_and_gate_0_1              |    1 |
| design_2_and_gate_0_0              |    1 |
| design_2_alu_74181_2_0             |    1 |
| design_2_alu_74181_1_4             |    1 |
| design_2_alu_74181_1_3             |    1 |
| design_2_alu_74181_1_2             |    1 |
| design_2_alu_74181_1_1             |    1 |
| design_2_alu_74181_1_0             |    1 |
| design_2_alu_74181_0_4             |    1 |
| design_2_alu_74181_0_3             |    1 |
| design_2_alu_74181_0_2             |    1 |
| design_2_alu_74181_0_1             |    1 |
| design_2_alu_74181_0_0             |    1 |
| design_2_aggregator_4bit_3_1       |    1 |
| design_2_aggregator_4bit_3_0       |    1 |
| design_2_aggregator_4bit_2_1       |    1 |
| design_2_aggregator_4bit_2_0       |    1 |
| design_2_aggregator_4bit_1_0       |    1 |
| design_2_aggregator_4bit_0_7       |    1 |
| design_2_aggregator_4bit_0_6       |    1 |
| design_2_aggregator_4bit_0_5       |    1 |
| design_2_aggregator_4bit_0_4       |    1 |
| design_2_aggregator_4bit_0_3       |    1 |
| design_2_aggregator_4bit_0_2       |    1 |
| design_2_aggregator_4bit_0_1       |    1 |
| design_2_aggregator_4bit_0_0       |    1 |
| design_2_adpt_out_16bit_0_0        |    1 |
| design_2_adpt_in_1_0               |    1 |
| design_2_adpt_in_0_2               |    1 |
+------------------------------------+------+


9. Instantiated Netlists
------------------------

+----------+------+
| Ref Name | Used |
+----------+------+


