#-----------------------------------------------------------
# Vivado v2024.2 (64-bit)
# SW Build 5239630 on Fri Nov 08 22:35:27 MST 2024
# IP Build 5239520 on Sun Nov 10 16:12:51 MST 2024
# SharedData Build 5239561 on Fri Nov 08 14:39:27 MST 2024
# Start of session at: Tue May 13 10:48:33 2025
# Process ID         : 3720
# Current directory  : D:/lab_ini_2/project_ini_1
# Command line       : vivado.exe -gui_launcher_event rodinguilauncherevent14604 D:\lab_ini_2\project_ini_1\project_ini_1.xpr
# Log file           : D:/lab_ini_2/project_ini_1/vivado.log
# Journal file       : D:/lab_ini_2/project_ini_1\vivado.jou
# Running On         : jyx
# Platform           : Windows Server 2016 or Windows 10
# Operating System   : 22631
# Processor Detail   : 12th Gen Intel(R) Core(TM) i5-1240P
# CPU Frequency      : 2112 MHz
# CPU Physical cores : 12
# CPU Logical cores  : 16
# Host memory        : 16794 MB
# Swap memory        : 2140 MB
# Total Virtual      : 18935 MB
# Available Virtual  : 5539 MB
#-----------------------------------------------------------
start_gui
open_project D:/lab_ini_2/project_ini_1/project_ini_1.xpr
update_compile_order -fileset sources_1
open_bd_design {D:/lab_ini_2/design_int_1/design_int_1.bd}
open_bd_design {D:/lab_ini_2/design_int_1/design_int_1.bd}
delete_bd_objs [get_bd_cells xlconstant_0]
set_property location {4 1028 347} [get_bd_cells M_ADD]
delete_bd_objs [get_bd_nets HL/SR_1] [get_bd_cells HL/dff_2]
save_bd_design
