#-----------------------------------------------------------
# Vivado v2024.2 (64-bit)
# SW Build 5239630 on Fri Nov 08 22:35:27 MST 2024
# IP Build 5239520 on Sun Nov 10 16:12:51 MST 2024
# SharedData Build 5239561 on Fri Nov 08 14:39:27 MST 2024
# Start of session at: Thu Mar 13 19:00:12 2025
# Process ID         : 9472
# Current directory  : D:/lab9/impl_1
# Command line       : vivado.exe -log design_9_wrapper.vdi -applog -product Vivado -messageDb vivado.pb -mode batch -source design_9_wrapper.tcl -notrace
# Log file           : D:/lab9/impl_1/design_9_wrapper.vdi
# Journal file       : D:/lab9/impl_1\vivado.jou
# Running On         : jyx
# Platform           : Windows Server 2016 or Windows 10
# Operating System   : 22631
# Processor Detail   : 12th Gen Intel(R) Core(TM) i5-1240P
# CPU Frequency      : 2112 MHz
# CPU Physical cores : 12
# CPU Logical cores  : 16
# Host memory        : 16794 MB
# Swap memory        : 2015 MB
# Total Virtual      : 18809 MB
# Available Virtual  : 4222 MB
#-----------------------------------------------------------
source design_9_wrapper.tcl -notrace
